Archive member included to satisfy reference by file (symbol)

C:/Users/Jonathan/Documents/GitHub/Decawave/DWM1001_DWM1001-DEV_MDEK1001_Sources_and_Docs_v9/sketches/anchor/dwm/examples/dwm-simple/../../lib/libdwm.a(ble-server.o)
                              C:/Users/Jonathan/Documents/GitHub/Decawave/DWM1001_DWM1001-DEV_MDEK1001_Sources_and_Docs_v9/sketches/anchor/dwm/examples/dwm-simple/../../lib/dwm.o (ble_add_shell_cmds)
C:/Users/Jonathan/Documents/GitHub/Decawave/DWM1001_DWM1001-DEV_MDEK1001_Sources_and_Docs_v9/sketches/anchor/dwm/examples/dwm-simple/../../lib/libdwm.a(ble_srv_common.o)
                              C:/Users/Jonathan/Documents/GitHub/Decawave/DWM1001_DWM1001-DEV_MDEK1001_Sources_and_Docs_v9/sketches/anchor/dwm/examples/dwm-simple/../../lib/libdwm.a(ble-server.o) (ble_srv_is_notification_enabled)
C:/Users/Jonathan/Documents/GitHub/Decawave/DWM1001_DWM1001-DEV_MDEK1001_Sources_and_Docs_v9/sketches/anchor/dwm/examples/dwm-simple/../../lib/libdwm.a(dw1000.o)
                              C:/Users/Jonathan/Documents/GitHub/Decawave/DWM1001_DWM1001-DEV_MDEK1001_Sources_and_Docs_v9/sketches/anchor/dwm/examples/dwm-simple/../../lib/libdwm.a(ble-server.o) (dw_rand)
C:/Users/Jonathan/Documents/GitHub/Decawave/DWM1001_DWM1001-DEV_MDEK1001_Sources_and_Docs_v9/sketches/anchor/dwm/examples/dwm-simple/../../lib/libdwm.a(dwm-math.o)
                              C:/Users/Jonathan/Documents/GitHub/Decawave/DWM1001_DWM1001-DEV_MDEK1001_Sources_and_Docs_v9/sketches/anchor/dwm/examples/dwm-simple/../../lib/libdwm.a(dw1000.o) (flog10)
C:/Users/Jonathan/Documents/GitHub/Decawave/DWM1001_DWM1001-DEV_MDEK1001_Sources_and_Docs_v9/sketches/anchor/dwm/examples/dwm-simple/../../lib/libdwm.a(dwm.o)
                              C:/Users/Jonathan/Documents/GitHub/Decawave/DWM1001_DWM1001-DEV_MDEK1001_Sources_and_Docs_v9/sketches/anchor/dwm/examples/dwm-simple/output/compiler/dwm-simple.o (dwm_systime_us_get)
C:/Users/Jonathan/Documents/GitHub/Decawave/DWM1001_DWM1001-DEV_MDEK1001_Sources_and_Docs_v9/sketches/anchor/dwm/examples/dwm-simple/../../lib/libdwm.a(env-tlv.o)
                              C:/Users/Jonathan/Documents/GitHub/Decawave/DWM1001_DWM1001-DEV_MDEK1001_Sources_and_Docs_v9/sketches/anchor/dwm/examples/dwm-simple/../../lib/dwm.o (env_load)
C:/Users/Jonathan/Documents/GitHub/Decawave/DWM1001_DWM1001-DEV_MDEK1001_Sources_and_Docs_v9/sketches/anchor/dwm/examples/dwm-simple/../../lib/libdwm.a(fwup.o)
                              C:/Users/Jonathan/Documents/GitHub/Decawave/DWM1001_DWM1001-DEV_MDEK1001_Sources_and_Docs_v9/sketches/anchor/dwm/examples/dwm-simple/../../lib/libdwm.a(ble-server.o) (fwup_rcvr_in_progress)
C:/Users/Jonathan/Documents/GitHub/Decawave/DWM1001_DWM1001-DEV_MDEK1001_Sources_and_Docs_v9/sketches/anchor/dwm/examples/dwm-simple/../../lib/libdwm.a(hal.o)
                              C:/Users/Jonathan/Documents/GitHub/Decawave/DWM1001_DWM1001-DEV_MDEK1001_Sources_and_Docs_v9/sketches/anchor/dwm/examples/dwm-simple/../../lib/libdwm.a(dwm.o) (hal_factory_reset)
C:/Users/Jonathan/Documents/GitHub/Decawave/DWM1001_DWM1001-DEV_MDEK1001_Sources_and_Docs_v9/sketches/anchor/dwm/examples/dwm-simple/../../lib/libdwm.a(nrf_drv_rng.o)
                              C:/Users/Jonathan/Documents/GitHub/Decawave/DWM1001_DWM1001-DEV_MDEK1001_Sources_and_Docs_v9/sketches/anchor/dwm/examples/dwm-simple/../../lib/libdwm.a(hal.o) (nrf_drv_rng_init)
C:/Users/Jonathan/Documents/GitHub/Decawave/DWM1001_DWM1001-DEV_MDEK1001_Sources_and_Docs_v9/sketches/anchor/dwm/examples/dwm-simple/../../lib/libdwm.a(pm.o)
                              C:/Users/Jonathan/Documents/GitHub/Decawave/DWM1001_DWM1001-DEV_MDEK1001_Sources_and_Docs_v9/sketches/anchor/dwm/examples/dwm-simple/../../lib/libdwm.a(ble-server.o) (pm_sched_signal)
C:/Users/Jonathan/Documents/GitHub/Decawave/DWM1001_DWM1001-DEV_MDEK1001_Sources_and_Docs_v9/sketches/anchor/dwm/examples/dwm-simple/../../lib/libdwm.a(process-api.o)
                              C:/Users/Jonathan/Documents/GitHub/Decawave/DWM1001_DWM1001-DEV_MDEK1001_Sources_and_Docs_v9/sketches/anchor/dwm/examples/dwm-simple/../../lib/dwm.o (api_thread_start)
C:/Users/Jonathan/Documents/GitHub/Decawave/DWM1001_DWM1001-DEV_MDEK1001_Sources_and_Docs_v9/sketches/anchor/dwm/examples/dwm-simple/../../lib/libdwm.a(process-ble.o)
                              C:/Users/Jonathan/Documents/GitHub/Decawave/DWM1001_DWM1001-DEV_MDEK1001_Sources_and_Docs_v9/sketches/anchor/dwm/examples/dwm-simple/../../lib/libdwm.a(ble-server.o) (ble_server_evt_put)
C:/Users/Jonathan/Documents/GitHub/Decawave/DWM1001_DWM1001-DEV_MDEK1001_Sources_and_Docs_v9/sketches/anchor/dwm/examples/dwm-simple/../../lib/libdwm.a(process-le.o)
                              C:/Users/Jonathan/Documents/GitHub/Decawave/DWM1001_DWM1001-DEV_MDEK1001_Sources_and_Docs_v9/sketches/anchor/dwm/examples/dwm-simple/../../lib/dwm.o (le_init)
[...]
Memory Configuration

Name             Origin             Length             Attributes
sram             0x200035e0         0x0000ba20
flash            0x00044000         0x0003c000
*default*        0x00000000         0xffffffff

Linker script and memory map

LOAD C:/Users/Jonathan/Documents/GitHub/Decawave/DWM1001_DWM1001-DEV_MDEK1001_Sources_and_Docs_v9/sketches/anchor/dwm/examples/dwm-simple/../../lib\vectors.o
LOAD C:/Users/Jonathan/Documents/GitHub/Decawave/DWM1001_DWM1001-DEV_MDEK1001_Sources_and_Docs_v9/sketches/anchor/dwm/examples/dwm-simple/output/compiler/dwm-simple.o
LOAD C:/Users/Jonathan/Documents/GitHub/Decawave/DWM1001_DWM1001-DEV_MDEK1001_Sources_and_Docs_v9/sketches/anchor/dwm/examples/dwm-simple/../../lib/dwm.o
LOAD C:/Users/Jonathan/Documents/GitHub/Decawave/DWM1001_DWM1001-DEV_MDEK1001_Sources_and_Docs_v9/sketches/anchor/dwm/examples/dwm-simple/../../lib/libdwm.a
LOAD c:/program files (x86)/gnu tools arm embedded/5.4 2016q3/bin/../lib/gcc/arm-none-eabi/5.4.1/../../../../arm-none-eabi/lib/armv7e-m/fpu\libm.a
LOAD c:/program files (x86)/gnu tools arm embedded/5.4 2016q3/bin/../lib/gcc/arm-none-eabi/5.4.1/armv7e-m/fpu\libgcc.a
LOAD c:/program files (x86)/gnu tools arm embedded/5.4 2016q3/bin/../lib/gcc/arm-none-eabi/5.4.1/../../../../arm-none-eabi/lib/armv7e-m/fpu\libc.a
LOAD c:/program files (x86)/gnu tools arm embedded/5.4 2016q3/bin/../lib/gcc/arm-none-eabi/5.4.1/../../../../arm-none-eabi/lib/armv7e-m/fpu\libnosys.a
LOAD C:/Users/Jonathan/Documents/GitHub/Decawave/DWM1001_DWM1001-DEV_MDEK1001_Sources_and_Docs_v9/sketches/anchor/dwm/examples/dwm-simple/../../lib\extras.o
START GROUP
LOAD C:/Users/Jonathan/Documents/GitHub/Decawave/DWM1001_DWM1001-DEV_MDEK1001_Sources_and_Docs_v9/sketches/anchor/dwm/examples/dwm-simple/../../lib\libtarget.a
LOAD c:/program files (x86)/gnu tools arm embedded/5.4 2016q3/bin/../lib/gcc/arm-none-eabi/5.4.1/armv7e-m/fpu\libgcc.a
LOAD c:/program files (x86)/gnu tools arm embedded/5.4 2016q3/bin/../lib/gcc/arm-none-eabi/5.4.1/../../../../arm-none-eabi/lib/armv7e-m/fpu\libsupc++.a
END GROUP

.debug_aranges  0x00000000       0x30
 *(.debug_aranges)
 .debug_aranges
                0x00000000       0x30 C:/Users/Jonathan/Documents/GitHub/Decawave/DWM1001_DWM1001-DEV_MDEK1001_Sources_and_Docs_v9/sketches/anchor/dwm/examples/dwm-simple/output/compiler/dwm-simple.o

.debug_pubnames
 *(.debug_pubnames)

.debug_info     0x00000000      0x869
 *(.debug_info)
 .debug_info    0x00000000      0x869 C:/Users/Jonathan/Documents/GitHub/Decawave/DWM1001_DWM1001-DEV_MDEK1001_Sources_and_Docs_v9/sketches/anchor/dwm/examples/dwm-simple/output/compiler/dwm-simple.o

.debug_abbrev   0x00000000      0x1c2
 *(.debug_abbrev)
 .debug_abbrev  0x00000000      0x1c2 C:/Users/Jonathan/Documents/GitHub/Decawave/DWM1001_DWM1001-DEV_MDEK1001_Sources_and_Docs_v9/sketches/anchor/dwm/examples/dwm-simple/output/compiler/dwm-simple.o

.debug_line     0x00000000      0x3b6
 *(.debug_line)
 .debug_line    0x00000000      0x3b6 C:/Users/Jonathan/Documents/GitHub/Decawave/DWM1001_DWM1001-DEV_MDEK1001_Sources_and_Docs_v9/sketches/anchor/dwm/examples/dwm-simple/output/compiler/dwm-simple.o

.debug_frame    0x00000000     0x17f4
 *(.debug_frame)
 .debug_frame   0x00000000       0x84 C:/Users/Jonathan/Documents/GitHub/Decawave/DWM1001_DWM1001-DEV_MDEK1001_Sources_and_Docs_v9/sketches/anchor/dwm/examples/dwm-simple/output/compiler/dwm-simple.o
 .debug_frame   0x00000084       0x30 c:/program files (x86)/gnu tools arm embedded/5.4 2016q3/bin/../lib/gcc/arm-none-eabi/5.4.1/../../../../arm-none-eabi/lib/armv7e-m/fpu\libm.a(lib_a-s_ceil.o)
 .debug_frame   0x000000b4       0x30 c:/program files (x86)/gnu tools arm embedded/5.4 2016q3/bin/../lib/gcc/arm-none-eabi/5.4.1/../../../../arm-none-eabi/lib/armv7e-m/fpu\libm.a(lib_a-s_floor.o)
 .debug_frame   0x000000e4       0x58 c:/program files (x86)/gnu tools arm embedded/5.4 2016q3/bin/../lib/gcc/arm-none-eabi/5.4.1/../../../../arm-none-eabi/lib/armv7e-m/fpu\libm.a(lib_a-w_sqrt.o)
 .debug_frame   0x0000013c       0x30 c:/program files (x86)/gnu tools arm embedded/5.4 2016q3/bin/../lib/gcc/arm-none-eabi/5.4.1/../../../../arm-none-eabi/lib/armv7e-m/fpu\libm.a(lib_a-e_sqrt.o)
 .debug_frame   0x0000016c       0x20 c:/program files (x86)/gnu tools arm embedded/5.4 2016q3/bin/../lib/gcc/arm-none-eabi/5.4.1/../../../../arm-none-eabi/lib/armv7e-m/fpu\libm.a(lib_a-s_matherr.o)
 .debug_frame   0x0000018c       0x44 c:/program files (x86)/gnu tools arm embedded/5.4 2016q3/bin/../lib/gcc/arm-none-eabi/5.4.1/armv7e-m/fpu\libgcc.a(_aeabi_ldivmod.o)
 .debug_frame   0x000001d0       0x2c c:/program files (x86)/gnu tools arm embedded/5.4 2016q3/bin/../lib/gcc/arm-none-eabi/5.4.1/armv7e-m/fpu\libgcc.a(_aeabi_uldivmod.o)
 .debug_frame   0x000001fc       0x2c c:/program files (x86)/gnu tools arm embedded/5.4 2016q3/bin/../lib/gcc/arm-none-eabi/5.4.1/armv7e-m/fpu\libgcc.a(_fixunssfdi.o)
 .debug_frame   0x00000228       0x2c c:/program files (x86)/gnu tools arm embedded/5.4 2016q3/bin/../lib/gcc/arm-none-eabi/5.4.1/armv7e-m/fpu\libgcc.a(_fixunsdfdi.o)
 .debug_frame   0x00000254       0x34 c:/program files (x86)/gnu tools arm embedded/5.4 2016q3/bin/../lib/gcc/arm-none-eabi/5.4.1/armv7e-m/fpu\libgcc.a(_udivmoddi4.o)
 .debug_frame   0x00000288       0x30 c:/program files (x86)/gnu tools arm embedded/5.4 2016q3/bin/../lib/gcc/arm-none-eabi/5.4.1/../../../../arm-none-eabi/lib/armv7e-m/fpu\libc.a(lib_a-atoi.o)
 .debug_frame   0x000002b8       0x20 c:/program files (x86)/gnu tools arm embedded/5.4 2016q3/bin/../lib/gcc/arm-none-eabi/5.4.1/../../../../arm-none-eabi/lib/armv7e-m/fpu\libc.a(lib_a-calloc.o)
 .debug_frame   0x000002d8       0x28 c:/program files (x86)/gnu tools arm embedded/5.4 2016q3/bin/../lib/gcc/arm-none-eabi/5.4.1/../../../../arm-none-eabi/lib/armv7e-m/fpu\libc.a(lib_a-callocr.o)
 .debug_frame   0x00000300       0x20 c:/program files (x86)/gnu tools arm embedded/5.4 2016q3/bin/../lib/gcc/arm-none-eabi/5.4.1/../../../../arm-none-eabi/lib/armv7e-m/fpu\libc.a(lib_a-errno.o)
 .debug_frame   0x00000320       0x6c c:/program files (x86)/gnu tools arm embedded/5.4 2016q3/bin/../lib/gcc/arm-none-eabi/5.4.1/../../../../arm-none-eabi/lib/armv7e-m/fpu\libc.a(lib_a-fflush.o)
 .debug_frame   0x0000038c      0x124 c:/program files (x86)/gnu tools arm embedded/5.4 2016q3/bin/../lib/gcc/arm-none-eabi/5.4.1/../../../../arm-none-eabi/lib/armv7e-m/fpu\libc.a(lib_a-findfp.o)
 .debug_frame   0x000004b0       0x74 c:/program files (x86)/gnu tools arm embedded/5.4 2016q3/bin/../lib/gcc/arm-none-eabi/5.4.1/../../../../arm-none-eabi/lib/armv7e-m/fpu\libc.a(lib_a-freer.o)
 .debug_frame   0x00000524       0x54 c:/program files (x86)/gnu tools arm embedded/5.4 2016q3/bin/../lib/gcc/arm-none-eabi/5.4.1/../../../../arm-none-eabi/lib/armv7e-m/fpu\libc.a(lib_a-fwalk.o)
 .debug_frame   0x00000578       0x30 c:/program files (x86)/gnu tools arm embedded/5.4 2016q3/bin/../lib/gcc/arm-none-eabi/5.4.1/../../../../arm-none-eabi/lib/armv7e-m/fpu\libc.a(lib_a-malloc.o)
 .debug_frame   0x000005a8       0x58 c:/program files (x86)/gnu tools arm embedded/5.4 2016q3/bin/../lib/gcc/arm-none-eabi/5.4.1/../../../../arm-none-eabi/lib/armv7e-m/fpu\libc.a(lib_a-mallocr.o)
 .debug_frame   0x00000600       0x38 c:/program files (x86)/gnu tools arm embedded/5.4 2016q3/bin/../lib/gcc/arm-none-eabi/5.4.1/../../../../arm-none-eabi/lib/armv7e-m/fpu\libc.a(lib_a-memcmp.o)
 .debug_frame   0x00000638       0x34 c:/program files (x86)/gnu tools arm embedded/5.4 2016q3/bin/../lib/gcc/arm-none-eabi/5.4.1/../../../../arm-none-eabi/lib/armv7e-m/fpu\libc.a(lib_a-memset.o)
 .debug_frame   0x0000066c       0x30 c:/program files (x86)/gnu tools arm embedded/5.4 2016q3/bin/../lib/gcc/arm-none-eabi/5.4.1/../../../../arm-none-eabi/lib/armv7e-m/fpu\libc.a(lib_a-mlock.o)
 .debug_frame   0x0000069c       0x80 c:/program files (x86)/gnu tools arm embedded/5.4 2016q3/bin/../lib/gcc/arm-none-eabi/5.4.1/../../../../arm-none-eabi/lib/armv7e-m/fpu\libc.a(lib_a-mstats.o)
 .debug_frame   0x0000071c       0x74 c:/program files (x86)/gnu tools arm embedded/5.4 2016q3/bin/../lib/gcc/arm-none-eabi/5.4.1/../../../../arm-none-eabi/lib/armv7e-m/fpu\libc.a(lib_a-printf.o)
 .debug_frame   0x00000790       0x30 c:/program files (x86)/gnu tools arm embedded/5.4 2016q3/bin/../lib/gcc/arm-none-eabi/5.4.1/../../../../arm-none-eabi/lib/armv7e-m/fpu\libc.a(lib_a-putchar.o)
 .debug_frame   0x000007c0       0x48 c:/program files (x86)/gnu tools arm embedded/5.4 2016q3/bin/../lib/gcc/arm-none-eabi/5.4.1/../../../../arm-none-eabi/lib/armv7e-m/fpu\libc.a(lib_a-puts.o)
 .debug_frame   0x00000808       0x2c c:/program files (x86)/gnu tools arm embedded/5.4 2016q3/bin/../lib/gcc/arm-none-eabi/5.4.1/../../../../arm-none-eabi/lib/armv7e-m/fpu\libc.a(lib_a-sbrkr.o)
 .debug_frame   0x00000834       0xd0 c:/program files (x86)/gnu tools arm embedded/5.4 2016q3/bin/../lib/gcc/arm-none-eabi/5.4.1/../../../../arm-none-eabi/lib/armv7e-m/fpu\libc.a(lib_a-snprintf.o)
 .debug_frame   0x00000904       0x88 c:/program files (x86)/gnu tools arm embedded/5.4 2016q3/bin/../lib/gcc/arm-none-eabi/5.4.1/../../../../arm-none-eabi/lib/armv7e-m/fpu\libc.a(lib_a-stdio.o)
 .debug_frame   0x0000098c       0x68 c:/program files (x86)/gnu tools arm embedded/5.4 2016q3/bin/../lib/gcc/arm-none-eabi/5.4.1/../../../../arm-none-eabi/lib/armv7e-m/fpu\libc.a(lib_a-strcmp.o)
 .debug_frame   0x000009f4       0x54 c:/program files (x86)/gnu tools arm embedded/5.4 2016q3/bin/../lib/gcc/arm-none-eabi/5.4.1/../../../../arm-none-eabi/lib/armv7e-m/fpu\libc.a(lib_a-strncmp.o)
 .debug_frame   0x00000a48       0x30 c:/program files (x86)/gnu tools arm embedded/5.4 2016q3/bin/../lib/gcc/arm-none-eabi/5.4.1/../../../../arm-none-eabi/lib/armv7e-m/fpu\libc.a(lib_a-strnlen.o)
 .debug_frame   0x00000a78       0x20 c:/program files (x86)/gnu tools arm embedded/5.4 2016q3/bin/../lib/gcc/arm-none-eabi/5.4.1/../../../../arm-none-eabi/lib/armv7e-m/fpu\libc.a(lib_a-strtok.o)
 .debug_frame   0x00000a98       0x48 c:/program files (x86)/gnu tools arm embedded/5.4 2016q3/bin/../lib/gcc/arm-none-eabi/5.4.1/../../../../arm-none-eabi/lib/armv7e-m/fpu\libc.a(lib_a-strtok_r.o)
 .debug_frame   0x00000ae0       0x98 c:/program files (x86)/gnu tools arm embedded/5.4 2016q3/bin/../lib/gcc/arm-none-eabi/5.4.1/../../../../arm-none-eabi/lib/armv7e-m/fpu\libc.a(lib_a-strtol.o)
 .debug_frame   0x00000b78       0x98 c:/program files (x86)/gnu tools arm embedded/5.4 2016q3/bin/../lib/gcc/arm-none-eabi/5.4.1/../../../../arm-none-eabi/lib/armv7e-m/fpu\libc.a(lib_a-strtoul.o)
 .debug_frame   0x00000c10       0x44 c:/program files (x86)/gnu tools arm embedded/5.4 2016q3/bin/../lib/gcc/arm-none-eabi/5.4.1/../../../../arm-none-eabi/lib/armv7e-m/fpu\libc.a(lib_a-svfprintf.o)
 .debug_frame   0x00000c54       0x88 c:/program files (x86)/gnu tools arm embedded/5.4 2016q3/bin/../lib/gcc/arm-none-eabi/5.4.1/../../../../arm-none-eabi/lib/armv7e-m/fpu\libc.a(lib_a-vfprintf.o)
 .debug_frame   0x00000cdc       0x2c c:/program files (x86)/gnu tools arm embedded/5.4 2016q3/bin/../lib/gcc/arm-none-eabi/5.4.1/../../../../arm-none-eabi/lib/armv7e-m/fpu\libc.a(lib_a-writer.o)
 .debug_frame   0x00000d08       0x2c c:/program files (x86)/gnu tools arm embedded/5.4 2016q3/bin/../lib/gcc/arm-none-eabi/5.4.1/../../../../arm-none-eabi/lib/armv7e-m/fpu\libc.a(lib_a-wsetup.o)
 .debug_frame   0x00000d34       0x2c c:/program files (x86)/gnu tools arm embedded/5.4 2016q3/bin/../lib/gcc/arm-none-eabi/5.4.1/../../../../arm-none-eabi/lib/armv7e-m/fpu\libc.a(lib_a-closer.o)
 .debug_frame   0x00000d60       0x88 c:/program files (x86)/gnu tools arm embedded/5.4 2016q3/bin/../lib/gcc/arm-none-eabi/5.4.1/../../../../arm-none-eabi/lib/armv7e-m/fpu\libc.a(lib_a-dtoa.o)
 .debug_frame   0x00000de8       0x44 c:/program files (x86)/gnu tools arm embedded/5.4 2016q3/bin/../lib/gcc/arm-none-eabi/5.4.1/../../../../arm-none-eabi/lib/armv7e-m/fpu\libc.a(lib_a-fclose.o)
 .debug_frame   0x00000e2c       0x68 c:/program files (x86)/gnu tools arm embedded/5.4 2016q3/bin/../lib/gcc/arm-none-eabi/5.4.1/../../../../arm-none-eabi/lib/armv7e-m/fpu\libc.a(lib_a-fvwrite.o)
 .debug_frame   0x00000e94       0x84 c:/program files (x86)/gnu tools arm embedded/5.4 2016q3/bin/../lib/gcc/arm-none-eabi/5.4.1/../../../../arm-none-eabi/lib/armv7e-m/fpu\libc.a(lib_a-locale.o)
 .debug_frame   0x00000f18       0x40 c:/program files (x86)/gnu tools arm embedded/5.4 2016q3/bin/../lib/gcc/arm-none-eabi/5.4.1/../../../../arm-none-eabi/lib/armv7e-m/fpu\libc.a(lib_a-localeconv.o)
 .debug_frame   0x00000f58       0x2c c:/program files (x86)/gnu tools arm embedded/5.4 2016q3/bin/../lib/gcc/arm-none-eabi/5.4.1/../../../../arm-none-eabi/lib/armv7e-m/fpu\libc.a(lib_a-lseekr.o)
 .debug_frame   0x00000f84       0x68 c:/program files (x86)/gnu tools arm embedded/5.4 2016q3/bin/../lib/gcc/arm-none-eabi/5.4.1/../../../../arm-none-eabi/lib/armv7e-m/fpu\libc.a(lib_a-makebuf.o)
 .debug_frame   0x00000fec       0x50 c:/program files (x86)/gnu tools arm embedded/5.4 2016q3/bin/../lib/gcc/arm-none-eabi/5.4.1/../../../../arm-none-eabi/lib/armv7e-m/fpu\libc.a(lib_a-mallinfor.o)
 .debug_frame   0x0000103c       0x4c c:/program files (x86)/gnu tools arm embedded/5.4 2016q3/bin/../lib/gcc/arm-none-eabi/5.4.1/../../../../arm-none-eabi/lib/armv7e-m/fpu\libc.a(lib_a-mbtowc_r.o)
 .debug_frame   0x00001088       0x30 c:/program files (x86)/gnu tools arm embedded/5.4 2016q3/bin/../lib/gcc/arm-none-eabi/5.4.1/../../../../arm-none-eabi/lib/armv7e-m/fpu\libc.a(lib_a-memmove.o)
 .debug_frame   0x000010b8      0x264 c:/program files (x86)/gnu tools arm embedded/5.4 2016q3/bin/../lib/gcc/arm-none-eabi/5.4.1/../../../../arm-none-eabi/lib/armv7e-m/fpu\libc.a(lib_a-mprec.o)
 .debug_frame   0x0000131c       0x58 c:/program files (x86)/gnu tools arm embedded/5.4 2016q3/bin/../lib/gcc/arm-none-eabi/5.4.1/../../../../arm-none-eabi/lib/armv7e-m/fpu\libc.a(lib_a-putc.o)
 .debug_frame   0x00001374       0x2c c:/program files (x86)/gnu tools arm embedded/5.4 2016q3/bin/../lib/gcc/arm-none-eabi/5.4.1/../../../../arm-none-eabi/lib/armv7e-m/fpu\libc.a(lib_a-readr.o)
 .debug_frame   0x000013a0       0x60 c:/program files (x86)/gnu tools arm embedded/5.4 2016q3/bin/../lib/gcc/arm-none-eabi/5.4.1/../../../../arm-none-eabi/lib/armv7e-m/fpu\libc.a(lib_a-reallocr.o)
 .debug_frame   0x00001400       0x58 c:/program files (x86)/gnu tools arm embedded/5.4 2016q3/bin/../lib/gcc/arm-none-eabi/5.4.1/../../../../arm-none-eabi/lib/armv7e-m/fpu\libc.a(lib_a-reent.o)
 .debug_frame   0x00001458       0x78 c:/program files (x86)/gnu tools arm embedded/5.4 2016q3/bin/../lib/gcc/arm-none-eabi/5.4.1/../../../../arm-none-eabi/lib/armv7e-m/fpu\libc.a(lib_a-svfiprintf.o)
 .debug_frame   0x000014d0       0xc8 c:/program files (x86)/gnu tools arm embedded/5.4 2016q3/bin/../lib/gcc/arm-none-eabi/5.4.1/../../../../arm-none-eabi/lib/armv7e-m/fpu\libc.a(lib_a-vfiprintf.o)
 .debug_frame   0x00001598       0x40 c:/program files (x86)/gnu tools arm embedded/5.4 2016q3/bin/../lib/gcc/arm-none-eabi/5.4.1/../../../../arm-none-eabi/lib/armv7e-m/fpu\libc.a(lib_a-wbuf.o)
 .debug_frame   0x000015d8       0x3c c:/program files (x86)/gnu tools arm embedded/5.4 2016q3/bin/../lib/gcc/arm-none-eabi/5.4.1/../../../../arm-none-eabi/lib/armv7e-m/fpu\libc.a(lib_a-wctomb_r.o)
 .debug_frame   0x00001614       0x8c c:/program files (x86)/gnu tools arm embedded/5.4 2016q3/bin/../lib/gcc/arm-none-eabi/5.4.1/../../../../arm-none-eabi/lib/armv7e-m/fpu\libc.a(lib_a-fputwc.o)
 .debug_frame   0x000016a0       0x2c c:/program files (x86)/gnu tools arm embedded/5.4 2016q3/bin/../lib/gcc/arm-none-eabi/5.4.1/../../../../arm-none-eabi/lib/armv7e-m/fpu\libc.a(lib_a-fstatr.o)
 .debug_frame   0x000016cc       0x2c c:/program files (x86)/gnu tools arm embedded/5.4 2016q3/bin/../lib/gcc/arm-none-eabi/5.4.1/../../../../arm-none-eabi/lib/armv7e-m/fpu\libc.a(lib_a-isattyr.o)
 .debug_frame   0x000016f8       0x5c c:/program files (x86)/gnu tools arm embedded/5.4 2016q3/bin/../lib/gcc/arm-none-eabi/5.4.1/../../../../arm-none-eabi/lib/armv7e-m/fpu\libc.a(lib_a-wcrtomb.o)
 .debug_frame   0x00001754       0x20 c:/program files (x86)/gnu tools arm embedded/5.4 2016q3/bin/../lib/gcc/arm-none-eabi/5.4.1/../../../../arm-none-eabi/lib/armv7e-m/fpu\libnosys.a(close.o)
 .debug_frame   0x00001774       0x20 c:/program files (x86)/gnu tools arm embedded/5.4 2016q3/bin/../lib/gcc/arm-none-eabi/5.4.1/../../../../arm-none-eabi/lib/armv7e-m/fpu\libnosys.a(fstat.o)
 .debug_frame   0x00001794       0x20 c:/program files (x86)/gnu tools arm embedded/5.4 2016q3/bin/../lib/gcc/arm-none-eabi/5.4.1/../../../../arm-none-eabi/lib/armv7e-m/fpu\libnosys.a(isatty.o)
 .debug_frame   0x000017b4       0x20 c:/program files (x86)/gnu tools arm embedded/5.4 2016q3/bin/../lib/gcc/arm-none-eabi/5.4.1/../../../../arm-none-eabi/lib/armv7e-m/fpu\libnosys.a(lseek.o)
 .debug_frame   0x000017d4       0x20 c:/program files (x86)/gnu tools arm embedded/5.4 2016q3/bin/../lib/gcc/arm-none-eabi/5.4.1/../../../../arm-none-eabi/lib/armv7e-m/fpu\libsupc++.a(atexit_arm.o)

.debug_str      0x00000000      0x5cf
 *(.debug_str)
 .debug_str     0x00000000      0x5cf C:/Users/Jonathan/Documents/GitHub/Decawave/DWM1001_DWM1001-DEV_MDEK1001_Sources_and_Docs_v9/sketches/anchor/dwm/examples/dwm-simple/output/compiler/dwm-simple.o
                                0x642 (size before relaxing)

.debug_loc
 *(.debug_loc)

.debug_macinfo
 *(.debug_macinfo)

.note.arm.ident
 *(.note.arm.ident)

/DISCARD/
 *(.fini_array*)

.rom_vectors    0x00044000        0x8
                0x00044000                __rom_vectors_vma = ABSOLUTE (.)
                0x00044000                . = .
 *(.vectors)
 .vectors       0x00044000        0x8 C:/Users/Jonathan/Documents/GitHub/Decawave/DWM1001_DWM1001-DEV_MDEK1001_Sources_and_Docs_v9/sketches/anchor/dwm/examples/dwm-simple/../../lib\vectors.o
                0x00044000                __rom_vectors_lma = LOADADDR (.rom_vectors)

.rel.text
 *(.rel.text)
 *(.rel.text.*)
 *(.rel.gnu.linkonce.t*)

.rela.text
 *(.rela.text)
 *(.rela.text.*)
 *(.rela.gnu.linkonce.t*)

.rel.data
 *(.rel.data)
 *(.rel.data.*)
 *(.rel.gnu.linkonce.d*)

.rela.data
 *(.rela.data)
 *(.rela.data.*)
 *(.rela.gnu.linkonce.d*)

.rel.rodata
 *(.rel.rodata)
 *(.rel.rodata.*)
 *(.rel.gnu.linkonce.r*)

.rela.rodata
 *(.rela.rodata)
 *(.rela.rodata.*)
 *(.rela.gnu.linkonce.r*)

.rel.got
 *(.rel.got)

.rela.got
 *(.rela.got)

.rel.ctors
 *(.rel.ctors)

.rela.ctors
 *(.rela.ctors)

.rel.dtors
 *(.rel.dtors)

.rela.dtors
 *(.rela.dtors)

.rel.init
 *(.rel.init)

.rela.init
 *(.rela.init)

.rel.fini
 *(.rel.fini)

.rela.fini
 *(.rela.fini)

.rel.bss
 *(.rel.bss)

.rela.bss
 *(.rela.bss)

.rel.plt
 *(.rel.plt)

.rela.plt
 *(.rela.plt)

.rel.dyn        0x00044008        0x0
 *(.rel.dyn)
 .rel.iplt      0x00044008        0x0 C:/Users/Jonathan/Documents/GitHub/Decawave/DWM1001_DWM1001-DEV_MDEK1001_Sources_and_Docs_v9/sketches/anchor/dwm/examples/dwm-simple/../../lib\vectors.o

.ARM.extab      0x00044008        0x0
                [!provide]                PROVIDE (__stext, ABSOLUTE (.))
                0x00044008                _stext = ABSOLUTE (.)
                0x00044008                . = .
 *(.ARM.extab* .gnu.linkonce.armextab.*)
                0x00044008                . = ALIGN (0x8)
                0x00044008                __exidx_start = ABSOLUTE (.)

.ARM.exidx      0x00044008        0x8
 *(.ARM.exidx* .gnu.linkonce.armexidx.*)
 .ARM.exidx     0x00044008        0x8 c:/program files (x86)/gnu tools arm embedded/5.4 2016q3/bin/../lib/gcc/arm-none-eabi/5.4.1/armv7e-m/fpu\libgcc.a(_udivmoddi4.o)
 .ARM.exidx.text.__aeabi_atexit
                0x00044010        0x0 c:/program files (x86)/gnu tools arm embedded/5.4 2016q3/bin/../lib/gcc/arm-none-eabi/5.4.1/../../../../arm-none-eabi/lib/armv7e-m/fpu\libsupc++.a(atexit_arm.o)
                                  0x8 (size before relaxing)
                0x00044010                . = .
                0x00044010                __exidx_end = ABSOLUTE (.)

.text           0x00044010    0x29fbc
 *(.text*)
 .text          0x00044010       0xec C:/Users/Jonathan/Documents/GitHub/Decawave/DWM1001_DWM1001-DEV_MDEK1001_Sources_and_Docs_v9/sketches/anchor/dwm/examples/dwm-simple/../../lib\vectors.o
                0x00044010                reset_vector
                0x0004401c                hal_switch_state_vsr
                0x0004403c                hal_default_exception_vsr
                0x0004406e                hal_default_interrupt_vsr
                0x00044082                hal_pendable_svc_vsr
                0x000440a8                hal_interrupt_end_done
                0x000440ac                hal_interrupt_end_vsr
                0x000440ba                hal_call_dsrs_vsr
                0x000440be                hal_default_svc_vsr
                0x000440cc                hal_usagefault_exception_vsr
                0x000440f4                hal_boot_jump_asm
 .text.app_thread_entry
                0x000440fc      0x798 C:/Users/Jonathan/Documents/GitHub/Decawave/DWM1001_DWM1001-DEV_MDEK1001_Sources_and_Docs_v9/sketches/anchor/dwm/examples/dwm-simple/output/compiler/dwm-simple.o
                0x000440fc                app_thread_entry
 .text.dwm_user_start
                0x00044894       0x58 C:/Users/Jonathan/Documents/GitHub/Decawave/DWM1001_DWM1001-DEV_MDEK1001_Sources_and_Docs_v9/sketches/anchor/dwm/examples/dwm-simple/output/compiler/dwm-simple.o
                0x00044894                dwm_user_start
 .text.user_thread_create
                0x000448ec       0x84 C:/Users/Jonathan/Documents/GitHub/Decawave/DWM1001_DWM1001-DEV_MDEK1001_Sources_and_Docs_v9/sketches/anchor/dwm/examples/dwm-simple/../../lib/dwm.o
                0x000448ec                user_thread_create
 .text.user_thread_resume
                0x00044970       0x38 C:/Users/Jonathan/Documents/GitHub/Decawave/DWM1001_DWM1001-DEV_MDEK1001_Sources_and_Docs_v9/sketches/anchor/dwm/examples/dwm-simple/../../lib/dwm.o
                0x00044970                user_thread_resume
 .text.dwm_shell_add_commands
                0x000449a8       0x6c C:/Users/Jonathan/Documents/GitHub/Decawave/DWM1001_DWM1001-DEV_MDEK1001_Sources_and_Docs_v9/sketches/anchor/dwm/examples/dwm-simple/../../lib/dwm.o
                0x000449a8                dwm_shell_add_commands
 .text.cyg_user_start
                0x00044a14      0x13c C:/Users/Jonathan/Documents/GitHub/Decawave/DWM1001_DWM1001-DEV_MDEK1001_Sources_and_Docs_v9/sketches/anchor/dwm/examples/dwm-simple/../../lib/dwm.o
                0x00044a14                cyg_user_start
 .text.ble_adv_is_enabled
                0x00044b50        0xc C:/Users/Jonathan/Documents/GitHub/Decawave/DWM1001_DWM1001-DEV_MDEK1001_Sources_and_Docs_v9/sketches/anchor/dwm/examples/dwm-simple/../../lib/libdwm.a(ble-server.o)
                0x00044b50                ble_adv_is_enabled
 .text.ble_add_shell_cmds
                0x00044b5c       0x10 C:/Users/Jonathan/Documents/GitHub/Decawave/DWM1001_DWM1001-DEV_MDEK1001_Sources_and_Docs_v9/sketches/anchor/dwm/examples/dwm-simple/../../lib/libdwm.a(ble-server.o)
                0x00044b5c                ble_add_shell_cmds
 .text.ble_start
                0x00044b6c       0x10 C:/Users/Jonathan/Documents/GitHub/Decawave/DWM1001_DWM1001-DEV_MDEK1001_Sources_and_Docs_v9/sketches/anchor/dwm/examples/dwm-simple/../../lib/libdwm.a(ble-server.o)
                0x00044b6c                ble_start
 .text.ble_stop
                0x00044b7c       0x10 C:/Users/Jonathan/Documents/GitHub/Decawave/DWM1001_DWM1001-DEV_MDEK1001_Sources_and_Docs_v9/sketches/anchor/dwm/examples/dwm-simple/../../lib/libdwm.a(ble-server.o)
                0x00044b7c                ble_stop
 .text.ble_req_stop
                0x00044b8c       0x10 C:/Users/Jonathan/Documents/GitHub/Decawave/DWM1001_DWM1001-DEV_MDEK1001_Sources_and_Docs_v9/sketches/anchor/dwm/examples/dwm-simple/../../lib/libdwm.a(ble-server.o)
                0x00044b8c                ble_req_stop
 .text.ble_stop_is_needed
                0x00044b9c        0xc C:/Users/Jonathan/Documents/GitHub/Decawave/DWM1001_DWM1001-DEV_MDEK1001_Sources_and_Docs_v9/sketches/anchor/dwm/examples/dwm-simple/../../lib/libdwm.a(ble-server.o)
                0x00044b9c                ble_stop_is_needed
 .text.ble_autosuspend_disable
                0x00044ba8        0xc C:/Users/Jonathan/Documents/GitHub/Decawave/DWM1001_DWM1001-DEV_MDEK1001_Sources_and_Docs_v9/sketches/anchor/dwm/examples/dwm-simple/../../lib/libdwm.a(ble-server.o)
                0x00044ba8                ble_autosuspend_disable
 .text.ble_autosuspend_enable
                0x00044bb4        0xc C:/Users/Jonathan/Documents/GitHub/Decawave/DWM1001_DWM1001-DEV_MDEK1001_Sources_and_Docs_v9/sketches/anchor/dwm/examples/dwm-simple/../../lib/libdwm.a(ble-server.o)
                0x00044bb4                ble_autosuspend_enable
 .text.ble_label_set
                0x00044bc0       0x10 C:/Users/Jonathan/Documents/GitHub/Decawave/DWM1001_DWM1001-DEV_MDEK1001_Sources_and_Docs_v9/sketches/anchor/dwm/examples/dwm-simple/../../lib/libdwm.a(ble-server.o)
                0x00044bc0                ble_label_set
 .text.ble_ur_set
                0x00044bd0       0x10 C:/Users/Jonathan/Documents/GitHub/Decawave/DWM1001_DWM1001-DEV_MDEK1001_Sources_and_Docs_v9/sketches/anchor/dwm/examples/dwm-simple/../../lib/libdwm.a(ble-server.o)
                0x00044bd0                ble_ur_set
 .text.ble_pan_id_set
                0x00044be0       0x10 C:/Users/Jonathan/Documents/GitHub/Decawave/DWM1001_DWM1001-DEV_MDEK1001_Sources_and_Docs_v9/sketches/anchor/dwm/examples/dwm-simple/../../lib/libdwm.a(ble-server.o)
                0x00044be0                ble_pan_id_set
 .text.ble_addr_set
                0x00044bf0       0x14 C:/Users/Jonathan/Documents/GitHub/Decawave/DWM1001_DWM1001-DEV_MDEK1001_Sources_and_Docs_v9/sketches/anchor/dwm/examples/dwm-simple/../../lib/libdwm.a(ble-server.o)
                0x00044bf0                ble_addr_set
 .text.ble_addr_get
                0x00044c04       0x14 C:/Users/Jonathan/Documents/GitHub/Decawave/DWM1001_DWM1001-DEV_MDEK1001_Sources_and_Docs_v9/sketches/anchor/dwm/examples/dwm-simple/../../lib/libdwm.a(ble-server.o)
                0x00044c04                ble_addr_get
 .text.ble_an_list_set
                0x00044c18       0x10 C:/Users/Jonathan/Documents/GitHub/Decawave/DWM1001_DWM1001-DEV_MDEK1001_Sources_and_Docs_v9/sketches/anchor/dwm/examples/dwm-simple/../../lib/libdwm.a(ble-server.o)
                0x00044c18                ble_an_list_set
 .text.ble_mac_cl_info_set
                0x00044c28       0x10 C:/Users/Jonathan/Documents/GitHub/Decawave/DWM1001_DWM1001-DEV_MDEK1001_Sources_and_Docs_v9/sketches/anchor/dwm/examples/dwm-simple/../../lib/libdwm.a(ble-server.o)
                0x00044c28                ble_mac_cl_info_set
 .text.ble_mac_stat_set
                0x00044c38       0x10 C:/Users/Jonathan/Documents/GitHub/Decawave/DWM1001_DWM1001-DEV_MDEK1001_Sources_and_Docs_v9/sketches/anchor/dwm/examples/dwm-simple/../../lib/libdwm.a(ble-server.o)
                0x00044c38                ble_mac_stat_set
 .text.ble_proxy_set
                0x00044c48       0x14 C:/Users/Jonathan/Documents/GitHub/Decawave/DWM1001_DWM1001-DEV_MDEK1001_Sources_and_Docs_v9/sketches/anchor/dwm/examples/dwm-simple/../../lib/libdwm.a(ble-server.o)
                0x00044c48                ble_proxy_set
 .text.ble_sys_info
                0x00044c5c       0x10 C:/Users/Jonathan/Documents/GitHub/Decawave/DWM1001_DWM1001-DEV_MDEK1001_Sources_and_Docs_v9/sketches/anchor/dwm/examples/dwm-simple/../../lib/libdwm.a(ble-server.o)
                0x00044c5c                ble_sys_info
 *fill*         0x00044c6c        0x4 
 .text.dw_usec_to_devt
                0x00044c70       0x20 C:/Users/Jonathan/Documents/GitHub/Decawave/DWM1001_DWM1001-DEV_MDEK1001_Sources_and_Docs_v9/sketches/anchor/dwm/examples/dwm-simple/../../lib/libdwm.a(dw1000.o)
                0x00044c70                dw_usec_to_devt
 .text.dw_read_sys_time
                0x00044c90       0x40 C:/Users/Jonathan/Documents/GitHub/Decawave/DWM1001_DWM1001-DEV_MDEK1001_Sources_and_Docs_v9/sketches/anchor/dwm/examples/dwm-simple/../../lib/libdwm.a(dw1000.o)
                0x00044c90                dw_read_sys_time
 .text.dw_rand  0x00044cd0       0x18 C:/Users/Jonathan/Documents/GitHub/Decawave/DWM1001_DWM1001-DEV_MDEK1001_Sources_and_Docs_v9/sketches/anchor/dwm/examples/dwm-simple/../../lib/libdwm.a(dw1000.o)
                0x00044cd0                dw_rand
 .text.dw_near_timeout
                0x00044ce8       0x50 C:/Users/Jonathan/Documents/GitHub/Decawave/DWM1001_DWM1001-DEV_MDEK1001_Sources_and_Docs_v9/sketches/anchor/dwm/examples/dwm-simple/../../lib/libdwm.a(dw1000.o)
                0x00044ce8                dw_near_timeout
 .text.dw_tx_reset
                0x00044d38       0x3a C:/Users/Jonathan/Documents/GitHub/Decawave/DWM1001_DWM1001-DEV_MDEK1001_Sources_and_Docs_v9/sketches/anchor/dwm/examples/dwm-simple/../../lib/libdwm.a(dw1000.o)
                0x00044d38                dw_tx_reset
 .text.dw_buf_write
                0x00044d72       0xd4 C:/Users/Jonathan/Documents/GitHub/Decawave/DWM1001_DWM1001-DEV_MDEK1001_Sources_and_Docs_v9/sketches/anchor/dwm/examples/dwm-simple/../../lib/libdwm.a(dw1000.o)
                0x00044d72                dw_buf_write
 .text.dw_buf_start
                0x00044e46       0x90 C:/Users/Jonathan/Documents/GitHub/Decawave/DWM1001_DWM1001-DEV_MDEK1001_Sources_and_Docs_v9/sketches/anchor/dwm/examples/dwm-simple/../../lib/libdwm.a(dw1000.o)
                0x00044e46                dw_buf_start
 .text.dw_buf_await_send
                0x00044ed6       0x54 C:/Users/Jonathan/Documents/GitHub/Decawave/DWM1001_DWM1001-DEV_MDEK1001_Sources_and_Docs_v9/sketches/anchor/dwm/examples/dwm-simple/../../lib/libdwm.a(dw1000.o)
                0x00044ed6                dw_buf_await_send
 .text.dw_buf_send
                0x00044f2a       0x1e C:/Users/Jonathan/Documents/GitHub/Decawave/DWM1001_DWM1001-DEV_MDEK1001_Sources_and_Docs_v9/sketches/anchor/dwm/examples/dwm-simple/../../lib/libdwm.a(dw1000.o)
                0x00044f2a                dw_buf_send
 .text.dw_rx_on
                0x00044f48       0x20 C:/Users/Jonathan/Documents/GitHub/Decawave/DWM1001_DWM1001-DEV_MDEK1001_Sources_and_Docs_v9/sketches/anchor/dwm/examples/dwm-simple/../../lib/libdwm.a(dw1000.o)
                0x00044f48                dw_rx_on
 .text.dw_rxto_on
                0x00044f68       0x40 C:/Users/Jonathan/Documents/GitHub/Decawave/DWM1001_DWM1001-DEV_MDEK1001_Sources_and_Docs_v9/sketches/anchor/dwm/examples/dwm-simple/../../lib/libdwm.a(dw1000.o)
                0x00044f68                dw_rxto_on
 .text.dw_get_preamble_len
                0x00044fa8       0x18 C:/Users/Jonathan/Documents/GitHub/Decawave/DWM1001_DWM1001-DEV_MDEK1001_Sources_and_Docs_v9/sketches/anchor/dwm/examples/dwm-simple/../../lib/libdwm.a(dw1000.o)
                0x00044fa8                dw_get_preamble_len
 .text.dw_get_frame_len
                0x00044fc0      0x124 C:/Users/Jonathan/Documents/GitHub/Decawave/DWM1001_DWM1001-DEV_MDEK1001_Sources_and_Docs_v9/sketches/anchor/dwm/examples/dwm-simple/../../lib/libdwm.a(dw1000.o)
                0x00044fc0                dw_get_frame_len
 *fill*         0x000450e4        0x4 
 .text.dw_get_qf
                0x000450e8      0x16c C:/Users/Jonathan/Documents/GitHub/Decawave/DWM1001_DWM1001-DEV_MDEK1001_Sources_and_Docs_v9/sketches/anchor/dwm/examples/dwm-simple/../../lib/libdwm.a(dw1000.o)
                0x000450e8                dw_get_qf
 *fill*         0x00045254        0x4 
 .text.dw_get_rssi
                0x00045258       0xb8 C:/Users/Jonathan/Documents/GitHub/Decawave/DWM1001_DWM1001-DEV_MDEK1001_Sources_and_Docs_v9/sketches/anchor/dwm/examples/dwm-simple/../../lib/libdwm.a(dw1000.o)
                0x00045258                dw_get_rssi
 .text.dw_set_ch_cfg
                0x00045310        0xa C:/Users/Jonathan/Documents/GitHub/Decawave/DWM1001_DWM1001-DEV_MDEK1001_Sources_and_Docs_v9/sketches/anchor/dwm/examples/dwm-simple/../../lib/libdwm.a(dw1000.o)
                0x00045310                dw_set_ch_cfg
 .text.dw_set_tx_cfg
                0x0004531a       0x1a C:/Users/Jonathan/Documents/GitHub/Decawave/DWM1001_DWM1001-DEV_MDEK1001_Sources_and_Docs_v9/sketches/anchor/dwm/examples/dwm-simple/../../lib/libdwm.a(dw1000.o)
                0x0004531a                dw_set_tx_cfg
 .text.dw_set_ant_tx_delay
                0x00045334        0x8 C:/Users/Jonathan/Documents/GitHub/Decawave/DWM1001_DWM1001-DEV_MDEK1001_Sources_and_Docs_v9/sketches/anchor/dwm/examples/dwm-simple/../../lib/libdwm.a(dw1000.o)
                0x00045334                dw_set_ant_tx_delay
 .text.dw_get_temp
                0x0004533c       0x36 C:/Users/Jonathan/Documents/GitHub/Decawave/DWM1001_DWM1001-DEV_MDEK1001_Sources_and_Docs_v9/sketches/anchor/dwm/examples/dwm-simple/../../lib/libdwm.a(dw1000.o)
                0x0004533c                dw_get_temp
 .text.dw_rsl_workaround
                0x00045372       0x1c C:/Users/Jonathan/Documents/GitHub/Decawave/DWM1001_DWM1001-DEV_MDEK1001_Sources_and_Docs_v9/sketches/anchor/dwm/examples/dwm-simple/../../lib/libdwm.a(dw1000.o)
                0x00045372                dw_rsl_workaround
 *fill*         0x0004538e        0x2 
 .text.dw_bw_txpwr_comp
                0x00045390      0x1f8 C:/Users/Jonathan/Documents/GitHub/Decawave/DWM1001_DWM1001-DEV_MDEK1001_Sources_and_Docs_v9/sketches/anchor/dwm/examples/dwm-simple/../../lib/libdwm.a(dw1000.o)
                0x00045390                dw_bw_txpwr_comp
 .text.dw_tx_cb
                0x00045588       0x7c C:/Users/Jonathan/Documents/GitHub/Decawave/DWM1001_DWM1001-DEV_MDEK1001_Sources_and_Docs_v9/sketches/anchor/dwm/examples/dwm-simple/../../lib/libdwm.a(dw1000.o)
                0x00045588                dw_tx_cb
 .text.dw_rx_cb
                0x00045604      0x18a C:/Users/Jonathan/Documents/GitHub/Decawave/DWM1001_DWM1001-DEV_MDEK1001_Sources_and_Docs_v9/sketches/anchor/dwm/examples/dwm-simple/../../lib/libdwm.a(dw1000.o)
                0x00045604                dw_rx_cb
 .text.dw_sleep
                0x0004578e       0x54 C:/Users/Jonathan/Documents/GitHub/Decawave/DWM1001_DWM1001-DEV_MDEK1001_Sources_and_Docs_v9/sketches/anchor/dwm/examples/dwm-simple/../../lib/libdwm.a(dw1000.o)
                0x0004578e                dw_sleep
 .text.dw_rxdata_read
                0x000457e2       0x10 C:/Users/Jonathan/Documents/GitHub/Decawave/DWM1001_DWM1001-DEV_MDEK1001_Sources_and_Docs_v9/sketches/anchor/dwm/examples/dwm-simple/../../lib/libdwm.a(dw1000.o)
                0x000457e2                dw_rxdata_read
 *fill*         0x000457f2        0x2 
 .text.dw_init  0x000457f4       0xac C:/Users/Jonathan/Documents/GitHub/Decawave/DWM1001_DWM1001-DEV_MDEK1001_Sources_and_Docs_v9/sketches/anchor/dwm/examples/dwm-simple/../../lib/libdwm.a(dw1000.o)
                0x000457f4                dw_init
 .text.dw_set_src_addr
                0x000458a0       0x7a C:/Users/Jonathan/Documents/GitHub/Decawave/DWM1001_DWM1001-DEV_MDEK1001_Sources_and_Docs_v9/sketches/anchor/dwm/examples/dwm-simple/../../lib/libdwm.a(dw1000.o)
                0x000458a0                dw_set_src_addr
 .text.dw_get_src_addr
                0x0004591a        0xc C:/Users/Jonathan/Documents/GitHub/Decawave/DWM1001_DWM1001-DEV_MDEK1001_Sources_and_Docs_v9/sketches/anchor/dwm/examples/dwm-simple/../../lib/libdwm.a(dw1000.o)
                0x0004591a                dw_get_src_addr
 .text.dw_get_event
                0x00045926       0x70 C:/Users/Jonathan/Documents/GitHub/Decawave/DWM1001_DWM1001-DEV_MDEK1001_Sources_and_Docs_v9/sketches/anchor/dwm/examples/dwm-simple/../../lib/libdwm.a(dw1000.o)
                0x00045926                dw_get_event
 *fill*         0x00045996        0x2 
 .text.uwb_get_if
                0x00045998       0x10 C:/Users/Jonathan/Documents/GitHub/Decawave/DWM1001_DWM1001-DEV_MDEK1001_Sources_and_Docs_v9/sketches/anchor/dwm/examples/dwm-simple/../../lib/libdwm.a(dw1000.o)
                0x00045998                uwb_get_if
 .text.dw1000_init
                0x000459a8       0xd8 C:/Users/Jonathan/Documents/GitHub/Decawave/DWM1001_DWM1001-DEV_MDEK1001_Sources_and_Docs_v9/sketches/anchor/dwm/examples/dwm-simple/../../lib/libdwm.a(dw1000.o)
                0x000459a8                dw1000_init
 .text.dw_dump_cfg
                0x00045a80      0x278 C:/Users/Jonathan/Documents/GitHub/Decawave/DWM1001_DWM1001-DEV_MDEK1001_Sources_and_Docs_v9/sketches/anchor/dwm/examples/dwm-simple/../../lib/libdwm.a(dw1000.o)
                0x00045a80                dw_dump_cfg
 .text.uwb_sys_info
                0x00045cf8      0x100 C:/Users/Jonathan/Documents/GitHub/Decawave/DWM1001_DWM1001-DEV_MDEK1001_Sources_and_Docs_v9/sketches/anchor/dwm/examples/dwm-simple/../../lib/libdwm.a(dw1000.o)
                0x00045cf8                uwb_sys_info
 .text.fact     0x00045df8       0x12 C:/Users/Jonathan/Documents/GitHub/Decawave/DWM1001_DWM1001-DEV_MDEK1001_Sources_and_Docs_v9/sketches/anchor/dwm/examples/dwm-simple/../../lib/libdwm.a(dwm-math.o)
                0x00045df8                fact
 *fill*         0x00045e0a        0x2 
 .text.flog10   0x00045e0c       0x28 C:/Users/Jonathan/Documents/GitHub/Decawave/DWM1001_DWM1001-DEV_MDEK1001_Sources_and_Docs_v9/sketches/anchor/dwm/examples/dwm-simple/../../lib/libdwm.a(dwm-math.o)
                0x00045e0c                flog10
 .text.get_dist
                0x00045e34       0xc4 C:/Users/Jonathan/Documents/GitHub/Decawave/DWM1001_DWM1001-DEV_MDEK1001_Sources_and_Docs_v9/sketches/anchor/dwm/examples/dwm-simple/../../lib/libdwm.a(dwm-math.o)
                0x00045e34                get_dist
 .text.dwm_thread_create
                0x00045ef8       0x20 C:/Users/Jonathan/Documents/GitHub/Decawave/DWM1001_DWM1001-DEV_MDEK1001_Sources_and_Docs_v9/sketches/anchor/dwm/examples/dwm-simple/../../lib/libdwm.a(dwm.o)
                0x00045ef8                dwm_thread_create
 .text.dwm_thread_resume
                0x00045f18       0x10 C:/Users/Jonathan/Documents/GitHub/Decawave/DWM1001_DWM1001-DEV_MDEK1001_Sources_and_Docs_v9/sketches/anchor/dwm/examples/dwm-simple/../../lib/libdwm.a(dwm.o)
                0x00045f18                dwm_thread_resume
 .text.dwm_ver_get
                0x00045f28       0x4a C:/Users/Jonathan/Documents/GitHub/Decawave/DWM1001_DWM1001-DEV_MDEK1001_Sources_and_Docs_v9/sketches/anchor/dwm/examples/dwm-simple/../../lib/libdwm.a(dwm.o)
                0x00045f28                dwm_ver_get
 .text.dwm_cfg_anchor_set
                0x00045f72       0x52 C:/Users/Jonathan/Documents/GitHub/Decawave/DWM1001_DWM1001-DEV_MDEK1001_Sources_and_Docs_v9/sketches/anchor/dwm/examples/dwm-simple/../../lib/libdwm.a(dwm.o)
                0x00045f72                dwm_cfg_anchor_set
 .text.dwm_cfg_tag_set
                0x00045fc4       0x66 C:/Users/Jonathan/Documents/GitHub/Decawave/DWM1001_DWM1001-DEV_MDEK1001_Sources_and_Docs_v9/sketches/anchor/dwm/examples/dwm-simple/../../lib/libdwm.a(dwm.o)
                0x00045fc4                dwm_cfg_tag_set
 .text.dwm_cfg_get
                0x0004602a       0x72 C:/Users/Jonathan/Documents/GitHub/Decawave/DWM1001_DWM1001-DEV_MDEK1001_Sources_and_Docs_v9/sketches/anchor/dwm/examples/dwm-simple/../../lib/libdwm.a(dwm.o)
                0x0004602a                dwm_cfg_get
 .text.dwm_pos_set
                0x0004609c       0x2e C:/Users/Jonathan/Documents/GitHub/Decawave/DWM1001_DWM1001-DEV_MDEK1001_Sources_and_Docs_v9/sketches/anchor/dwm/examples/dwm-simple/../../lib/libdwm.a(dwm.o)
                0x0004609c                dwm_pos_set
 .text.dwm_pos_get
                0x000460ca       0x36 C:/Users/Jonathan/Documents/GitHub/Decawave/DWM1001_DWM1001-DEV_MDEK1001_Sources_and_Docs_v9/sketches/anchor/dwm/examples/dwm-simple/../../lib/libdwm.a(dwm.o)
                0x000460ca                dwm_pos_get
 .text.dwm_loc_get
                0x00046100       0xee C:/Users/Jonathan/Documents/GitHub/Decawave/DWM1001_DWM1001-DEV_MDEK1001_Sources_and_Docs_v9/sketches/anchor/dwm/examples/dwm-simple/../../lib/libdwm.a(dwm.o)
                0x00046100                dwm_loc_get
 .text.dwm_anchor_list_get
                0x000461ee       0xb4 C:/Users/Jonathan/Documents/GitHub/Decawave/DWM1001_DWM1001-DEV_MDEK1001_Sources_and_Docs_v9/sketches/anchor/dwm/examples/dwm-simple/../../lib/libdwm.a(dwm.o)
                0x000461ee                dwm_anchor_list_get
 .text.dwm_upd_rate_set
                0x000462a2       0x20 C:/Users/Jonathan/Documents/GitHub/Decawave/DWM1001_DWM1001-DEV_MDEK1001_Sources_and_Docs_v9/sketches/anchor/dwm/examples/dwm-simple/../../lib/libdwm.a(dwm.o)
                0x000462a2                dwm_upd_rate_set
 .text.dwm_upd_rate_get
                0x000462c2       0x34 C:/Users/Jonathan/Documents/GitHub/Decawave/DWM1001_DWM1001-DEV_MDEK1001_Sources_and_Docs_v9/sketches/anchor/dwm/examples/dwm-simple/../../lib/libdwm.a(dwm.o)
                0x000462c2                dwm_upd_rate_get
 .text.dwm_panid_set
                0x000462f6       0x22 C:/Users/Jonathan/Documents/GitHub/Decawave/DWM1001_DWM1001-DEV_MDEK1001_Sources_and_Docs_v9/sketches/anchor/dwm/examples/dwm-simple/../../lib/libdwm.a(dwm.o)
                0x000462f6                dwm_panid_set
 .text.dwm_nvm_usr_data_get
                0x00046318       0x2c C:/Users/Jonathan/Documents/GitHub/Decawave/DWM1001_DWM1001-DEV_MDEK1001_Sources_and_Docs_v9/sketches/anchor/dwm/examples/dwm-simple/../../lib/libdwm.a(dwm.o)
                0x00046318                dwm_nvm_usr_data_get
 .text.dwm_nvm_usr_data_set
                0x00046344       0x22 C:/Users/Jonathan/Documents/GitHub/Decawave/DWM1001_DWM1001-DEV_MDEK1001_Sources_and_Docs_v9/sketches/anchor/dwm/examples/dwm-simple/../../lib/libdwm.a(dwm.o)
                0x00046344                dwm_nvm_usr_data_set
 .text.dwm_le_compile
                0x00046366        0x4 C:/Users/Jonathan/Documents/GitHub/Decawave/DWM1001_DWM1001-DEV_MDEK1001_Sources_and_Docs_v9/sketches/anchor/dwm/examples/dwm-simple/../../lib/libdwm.a(dwm.o)
                0x00046366                dwm_le_compile
 .text.dwm_serial_spi_compile
                0x0004636a        0x4 C:/Users/Jonathan/Documents/GitHub/Decawave/DWM1001_DWM1001-DEV_MDEK1001_Sources_and_Docs_v9/sketches/anchor/dwm/examples/dwm-simple/../../lib/libdwm.a(dwm.o)
                0x0004636a                dwm_serial_spi_compile
 .text.dwm_shell_compile
                0x0004636e        0x4 C:/Users/Jonathan/Documents/GitHub/Decawave/DWM1001_DWM1001-DEV_MDEK1001_Sources_and_Docs_v9/sketches/anchor/dwm/examples/dwm-simple/../../lib/libdwm.a(dwm.o)
                0x0004636e                dwm_shell_compile
 *fill*         0x00046372        0x2 
 .text.env_get_end
                0x00046374       0x28 C:/Users/Jonathan/Documents/GitHub/Decawave/DWM1001_DWM1001-DEV_MDEK1001_Sources_and_Docs_v9/sketches/anchor/dwm/examples/dwm-simple/../../lib/libdwm.a(env-tlv.o)
 .text.env_save
                0x0004639c       0x60 C:/Users/Jonathan/Documents/GitHub/Decawave/DWM1001_DWM1001-DEV_MDEK1001_Sources_and_Docs_v9/sketches/anchor/dwm/examples/dwm-simple/../../lib/libdwm.a(env-tlv.o)
                0x0004639c                env_save
 .text.env_load
                0x000463fc       0xe4 C:/Users/Jonathan/Documents/GitHub/Decawave/DWM1001_DWM1001-DEV_MDEK1001_Sources_and_Docs_v9/sketches/anchor/dwm/examples/dwm-simple/../../lib/libdwm.a(env-tlv.o)
                0x000463fc                env_load
 .text.env_clear
                0x000464e0       0x48 C:/Users/Jonathan/Documents/GitHub/Decawave/DWM1001_DWM1001-DEV_MDEK1001_Sources_and_Docs_v9/sketches/anchor/dwm/examples/dwm-simple/../../lib/libdwm.a(env-tlv.o)
                0x000464e0                env_clear
 .text.env_get  0x00046528       0x30 C:/Users/Jonathan/Documents/GitHub/Decawave/DWM1001_DWM1001-DEV_MDEK1001_Sources_and_Docs_v9/sketches/anchor/dwm/examples/dwm-simple/../../lib/libdwm.a(env-tlv.o)
                0x00046528                env_get
 .text.env_set  0x00046558       0xa8 C:/Users/Jonathan/Documents/GitHub/Decawave/DWM1001_DWM1001-DEV_MDEK1001_Sources_and_Docs_v9/sketches/anchor/dwm/examples/dwm-simple/../../lib/libdwm.a(env-tlv.o)
                0x00046558                env_set
 .text.fwup_reset
                0x00046600        0x8 C:/Users/Jonathan/Documents/GitHub/Decawave/DWM1001_DWM1001-DEV_MDEK1001_Sources_and_Docs_v9/sketches/anchor/dwm/examples/dwm-simple/../../lib/libdwm.a(fwup.o)
                0x00046600                fwup_reset
 .text.fwup_sndr_init
                0x00046608       0x6a C:/Users/Jonathan/Documents/GitHub/Decawave/DWM1001_DWM1001-DEV_MDEK1001_Sources_and_Docs_v9/sketches/anchor/dwm/examples/dwm-simple/../../lib/libdwm.a(fwup.o)
                0x00046608                fwup_sndr_init
 .text.fwup_rcvr_in_progress
                0x00046672       0x1a C:/Users/Jonathan/Documents/GitHub/Decawave/DWM1001_DWM1001-DEV_MDEK1001_Sources_and_Docs_v9/sketches/anchor/dwm/examples/dwm-simple/../../lib/libdwm.a(fwup.o)
                0x00046672                fwup_rcvr_in_progress
 .text.fwup_rcvr_stop
                0x0004668c       0x16 C:/Users/Jonathan/Documents/GitHub/Decawave/DWM1001_DWM1001-DEV_MDEK1001_Sources_and_Docs_v9/sketches/anchor/dwm/examples/dwm-simple/../../lib/libdwm.a(fwup.o)
                0x0004668c                fwup_rcvr_stop
 .text.fwup_rcvr_start
                0x000466a2       0x4c C:/Users/Jonathan/Documents/GitHub/Decawave/DWM1001_DWM1001-DEV_MDEK1001_Sources_and_Docs_v9/sketches/anchor/dwm/examples/dwm-simple/../../lib/libdwm.a(fwup.o)
                0x000466a2                fwup_rcvr_start
 .text.fwup_rcvr_rxbuf_space
                0x000466ee       0x12 C:/Users/Jonathan/Documents/GitHub/Decawave/DWM1001_DWM1001-DEV_MDEK1001_Sources_and_Docs_v9/sketches/anchor/dwm/examples/dwm-simple/../../lib/libdwm.a(fwup.o)
                0x000466ee                fwup_rcvr_rxbuf_space
 .text.fwup_rcvr_data_handler
                0x00046700       0x60 C:/Users/Jonathan/Documents/GitHub/Decawave/DWM1001_DWM1001-DEV_MDEK1001_Sources_and_Docs_v9/sketches/anchor/dwm/examples/dwm-simple/../../lib/libdwm.a(fwup.o)
                0x00046700                fwup_rcvr_data_handler
 .text.fwup_rcvr_data_write
                0x00046760      0x160 C:/Users/Jonathan/Documents/GitHub/Decawave/DWM1001_DWM1001-DEV_MDEK1001_Sources_and_Docs_v9/sketches/anchor/dwm/examples/dwm-simple/../../lib/libdwm.a(fwup.o)
                0x00046760                fwup_rcvr_data_write
 .text.fwup_rcvr_is_finished
                0x000468c0       0x36 C:/Users/Jonathan/Documents/GitHub/Decawave/DWM1001_DWM1001-DEV_MDEK1001_Sources_and_Docs_v9/sketches/anchor/dwm/examples/dwm-simple/../../lib/libdwm.a(fwup.o)
                0x000468c0                fwup_rcvr_is_finished
 .text.nrf_gpio_pins_toggle
                0x000468f6       0x18 C:/Users/Jonathan/Documents/GitHub/Decawave/DWM1001_DWM1001-DEV_MDEK1001_Sources_and_Docs_v9/sketches/anchor/dwm/examples/dwm-simple/../../lib/libdwm.a(hal.o)
 .text.sd_rand_application_bytes_available_get
                0x0004690e        0x4 C:/Users/Jonathan/Documents/GitHub/Decawave/DWM1001_DWM1001-DEV_MDEK1001_Sources_and_Docs_v9/sketches/anchor/dwm/examples/dwm-simple/../../lib/libdwm.a(hal.o)
 .text.sd_rand_application_vector_get
                0x00046912        0x4 C:/Users/Jonathan/Documents/GitHub/Decawave/DWM1001_DWM1001-DEV_MDEK1001_Sources_and_Docs_v9/sketches/anchor/dwm/examples/dwm-simple/../../lib/libdwm.a(hal.o)
 .text.sd_clock_hfclk_request
                0x00046916        0x4 C:/Users/Jonathan/Documents/GitHub/Decawave/DWM1001_DWM1001-DEV_MDEK1001_Sources_and_Docs_v9/sketches/anchor/dwm/examples/dwm-simple/../../lib/libdwm.a(hal.o)
 .text.sd_clock_hfclk_release
                0x0004691a        0x4 C:/Users/Jonathan/Documents/GitHub/Decawave/DWM1001_DWM1001-DEV_MDEK1001_Sources_and_Docs_v9/sketches/anchor/dwm/examples/dwm-simple/../../lib/libdwm.a(hal.o)
 .text.sd_app_evt_wait
                0x0004691e        0x4 C:/Users/Jonathan/Documents/GitHub/Decawave/DWM1001_DWM1001-DEV_MDEK1001_Sources_and_Docs_v9/sketches/anchor/dwm/examples/dwm-simple/../../lib/libdwm.a(hal.o)
 .text.sd_ecb_block_encrypt
                0x00046922        0x4 C:/Users/Jonathan/Documents/GitHub/Decawave/DWM1001_DWM1001-DEV_MDEK1001_Sources_and_Docs_v9/sketches/anchor/dwm/examples/dwm-simple/../../lib/libdwm.a(hal.o)
 .text.sd_temp_get
                0x00046926        0x4 C:/Users/Jonathan/Documents/GitHub/Decawave/DWM1001_DWM1001-DEV_MDEK1001_Sources_and_Docs_v9/sketches/anchor/dwm/examples/dwm-simple/../../lib/libdwm.a(hal.o)
 .text._led_dummy
                0x0004692a        0x2 C:/Users/Jonathan/Documents/GitHub/Decawave/DWM1001_DWM1001-DEV_MDEK1001_Sources_and_Docs_v9/sketches/anchor/dwm/examples/dwm-simple/../../lib/libdwm.a(hal.o)
 .text._led_orange_on
                0x0004692c        0xe C:/Users/Jonathan/Documents/GitHub/Decawave/DWM1001_DWM1001-DEV_MDEK1001_Sources_and_Docs_v9/sketches/anchor/dwm/examples/dwm-simple/../../lib/libdwm.a(hal.o)
 .text._led_orange_off
                0x0004693a        0xe C:/Users/Jonathan/Documents/GitHub/Decawave/DWM1001_DWM1001-DEV_MDEK1001_Sources_and_Docs_v9/sketches/anchor/dwm/examples/dwm-simple/../../lib/libdwm.a(hal.o)
 .text._led_orange_toggle
                0x00046948        0x8 C:/Users/Jonathan/Documents/GitHub/Decawave/DWM1001_DWM1001-DEV_MDEK1001_Sources_and_Docs_v9/sketches/anchor/dwm/examples/dwm-simple/../../lib/libdwm.a(hal.o)
 .text._led_red_on
                0x00046950        0xe C:/Users/Jonathan/Documents/GitHub/Decawave/DWM1001_DWM1001-DEV_MDEK1001_Sources_and_Docs_v9/sketches/anchor/dwm/examples/dwm-simple/../../lib/libdwm.a(hal.o)
 .text._led_red_off
                0x0004695e        0xe C:/Users/Jonathan/Documents/GitHub/Decawave/DWM1001_DWM1001-DEV_MDEK1001_Sources_and_Docs_v9/sketches/anchor/dwm/examples/dwm-simple/../../lib/libdwm.a(hal.o)
 .text._led_red_toggle
                0x0004696c        0x8 C:/Users/Jonathan/Documents/GitHub/Decawave/DWM1001_DWM1001-DEV_MDEK1001_Sources_and_Docs_v9/sketches/anchor/dwm/examples/dwm-simple/../../lib/libdwm.a(hal.o)
 .text._led_green_on
                0x00046974        0xe C:/Users/Jonathan/Documents/GitHub/Decawave/DWM1001_DWM1001-DEV_MDEK1001_Sources_and_Docs_v9/sketches/anchor/dwm/examples/dwm-simple/../../lib/libdwm.a(hal.o)
 .text._led_green_off
                0x00046982        0xe C:/Users/Jonathan/Documents/GitHub/Decawave/DWM1001_DWM1001-DEV_MDEK1001_Sources_and_Docs_v9/sketches/anchor/dwm/examples/dwm-simple/../../lib/libdwm.a(hal.o)
 .text._led_green_toggle
                0x00046990        0x8 C:/Users/Jonathan/Documents/GitHub/Decawave/DWM1001_DWM1001-DEV_MDEK1001_Sources_and_Docs_v9/sketches/anchor/dwm/examples/dwm-simple/../../lib/libdwm.a(hal.o)
 .text.wdt_handler
                0x00046998        0x2 C:/Users/Jonathan/Documents/GitHub/Decawave/DWM1001_DWM1001-DEV_MDEK1001_Sources_and_Docs_v9/sketches/anchor/dwm/examples/dwm-simple/../../lib/libdwm.a(hal.o)
 *fill*         0x0004699a        0x2 
 .text.hal_factory_reset
                0x0004699c       0x30 C:/Users/Jonathan/Documents/GitHub/Decawave/DWM1001_DWM1001-DEV_MDEK1001_Sources_and_Docs_v9/sketches/anchor/dwm/examples/dwm-simple/../../lib/libdwm.a(hal.o)
                0x0004699c                hal_factory_reset
 .text.is_user_app_pin
                0x000469cc       0x5c C:/Users/Jonathan/Documents/GitHub/Decawave/DWM1001_DWM1001-DEV_MDEK1001_Sources_and_Docs_v9/sketches/anchor/dwm/examples/dwm-simple/../../lib/libdwm.a(hal.o)
                0x000469cc                is_user_app_pin
 .text.hal_sd_enabled
                0x00046a28        0x8 C:/Users/Jonathan/Documents/GitHub/Decawave/DWM1001_DWM1001-DEV_MDEK1001_Sources_and_Docs_v9/sketches/anchor/dwm/examples/dwm-simple/../../lib/libdwm.a(hal.o)
                0x00046a28                hal_sd_enabled
 .text.hal_flash_erase
                0x00046a30       0x14 C:/Users/Jonathan/Documents/GitHub/Decawave/DWM1001_DWM1001-DEV_MDEK1001_Sources_and_Docs_v9/sketches/anchor/dwm/examples/dwm-simple/../../lib/libdwm.a(hal.o)
                0x00046a30                hal_flash_erase
 .text.hal_flash_write_page
                0x00046a44        0x6 C:/Users/Jonathan/Documents/GitHub/Decawave/DWM1001_DWM1001-DEV_MDEK1001_Sources_and_Docs_v9/sketches/anchor/dwm/examples/dwm-simple/../../lib/libdwm.a(hal.o)
                0x00046a44                hal_flash_write_page
 .text.hal_fw_get_chksum
                0x00046a4a       0x42 C:/Users/Jonathan/Documents/GitHub/Decawave/DWM1001_DWM1001-DEV_MDEK1001_Sources_and_Docs_v9/sketches/anchor/dwm/examples/dwm-simple/../../lib/libdwm.a(hal.o)
                0x00046a4a                hal_fw_get_chksum
 .text.hal_fw_is_compat
                0x00046a8c       0x10 C:/Users/Jonathan/Documents/GitHub/Decawave/DWM1001_DWM1001-DEV_MDEK1001_Sources_and_Docs_v9/sketches/anchor/dwm/examples/dwm-simple/../../lib/libdwm.a(hal.o)
                0x00046a8c                hal_fw_is_compat
 .text.hal_time_hfclk_start
                0x00046a9c       0x1a C:/Users/Jonathan/Documents/GitHub/Decawave/DWM1001_DWM1001-DEV_MDEK1001_Sources_and_Docs_v9/sketches/anchor/dwm/examples/dwm-simple/../../lib/libdwm.a(hal.o)
                0x00046a9c                hal_time_hfclk_start
 .text.hal_time_hfclk_stop
                0x00046ab6       0x1c C:/Users/Jonathan/Documents/GitHub/Decawave/DWM1001_DWM1001-DEV_MDEK1001_Sources_and_Docs_v9/sketches/anchor/dwm/examples/dwm-simple/../../lib/libdwm.a(hal.o)
                0x00046ab6                hal_time_hfclk_stop
 *fill*         0x00046ad2        0x2 
 .text.hal_wdt_app_init
                0x00046ad4       0x10 C:/Users/Jonathan/Documents/GitHub/Decawave/DWM1001_DWM1001-DEV_MDEK1001_Sources_and_Docs_v9/sketches/anchor/dwm/examples/dwm-simple/../../lib/libdwm.a(hal.o)
                0x00046ad4                hal_wdt_app_init
 .text.hal_wdt_app_reset
                0x00046ae4        0x4 C:/Users/Jonathan/Documents/GitHub/Decawave/DWM1001_DWM1001-DEV_MDEK1001_Sources_and_Docs_v9/sketches/anchor/dwm/examples/dwm-simple/../../lib/libdwm.a(hal.o)
                0x00046ae4                hal_wdt_app_reset
 .text.hal_temp_get
                0x00046ae8       0x80 C:/Users/Jonathan/Documents/GitHub/Decawave/DWM1001_DWM1001-DEV_MDEK1001_Sources_and_Docs_v9/sketches/anchor/dwm/examples/dwm-simple/../../lib/libdwm.a(hal.o)
                0x00046ae8                hal_temp_get
 .text.hal_sleep
                0x00046b68       0xe4 C:/Users/Jonathan/Documents/GitHub/Decawave/DWM1001_DWM1001-DEV_MDEK1001_Sources_and_Docs_v9/sketches/anchor/dwm/examples/dwm-simple/../../lib/libdwm.a(hal.o)
                0x00046b68                hal_sleep
 .text.hal_uptime
                0x00046c4c       0x20 C:/Users/Jonathan/Documents/GitHub/Decawave/DWM1001_DWM1001-DEV_MDEK1001_Sources_and_Docs_v9/sketches/anchor/dwm/examples/dwm-simple/../../lib/libdwm.a(hal.o)
                0x00046c4c                hal_uptime
 .text.hal_print_ps
                0x00046c6c       0x80 C:/Users/Jonathan/Documents/GitHub/Decawave/DWM1001_DWM1001-DEV_MDEK1001_Sources_and_Docs_v9/sketches/anchor/dwm/examples/dwm-simple/../../lib/libdwm.a(hal.o)
                0x00046c6c                hal_print_ps
 .text.hal_print_free
                0x00046cec       0x50 C:/Users/Jonathan/Documents/GitHub/Decawave/DWM1001_DWM1001-DEV_MDEK1001_Sources_and_Docs_v9/sketches/anchor/dwm/examples/dwm-simple/../../lib/libdwm.a(hal.o)
                0x00046cec                hal_print_free
 .text.hal_print_uptime
                0x00046d3c       0xbc C:/Users/Jonathan/Documents/GitHub/Decawave/DWM1001_DWM1001-DEV_MDEK1001_Sources_and_Docs_v9/sketches/anchor/dwm/examples/dwm-simple/../../lib/libdwm.a(hal.o)
                0x00046d3c                hal_print_uptime
 .text.hal_print_sys_info
                0x00046df8      0x130 C:/Users/Jonathan/Documents/GitHub/Decawave/DWM1001_DWM1001-DEV_MDEK1001_Sources_and_Docs_v9/sketches/anchor/dwm/examples/dwm-simple/../../lib/libdwm.a(hal.o)
                0x00046df8                hal_print_sys_info
 .text.hal_critical_region_enter
                0x00046f28       0x58 C:/Users/Jonathan/Documents/GitHub/Decawave/DWM1001_DWM1001-DEV_MDEK1001_Sources_and_Docs_v9/sketches/anchor/dwm/examples/dwm-simple/../../lib/libdwm.a(hal.o)
                0x00046f28                hal_critical_region_enter
 .text.hal_critical_region_exit
                0x00046f80       0x38 C:/Users/Jonathan/Documents/GitHub/Decawave/DWM1001_DWM1001-DEV_MDEK1001_Sources_and_Docs_v9/sketches/anchor/dwm/examples/dwm-simple/../../lib/libdwm.a(hal.o)
                0x00046f80                hal_critical_region_exit
 .text.leds_enable
                0x00046fb8       0xbc C:/Users/Jonathan/Documents/GitHub/Decawave/DWM1001_DWM1001-DEV_MDEK1001_Sources_and_Docs_v9/sketches/anchor/dwm/examples/dwm-simple/../../lib/libdwm.a(hal.o)
                0x00046fb8                leds_enable
 .text.leds_disable
                0x00047074       0x74 C:/Users/Jonathan/Documents/GitHub/Decawave/DWM1001_DWM1001-DEV_MDEK1001_Sources_and_Docs_v9/sketches/anchor/dwm/examples/dwm-simple/../../lib/libdwm.a(hal.o)
                0x00047074                leds_disable
 .text.hal_crypto_rng_get
                0x000470e8       0xa8 C:/Users/Jonathan/Documents/GitHub/Decawave/DWM1001_DWM1001-DEV_MDEK1001_Sources_and_Docs_v9/sketches/anchor/dwm/examples/dwm-simple/../../lib/libdwm.a(hal.o)
                0x000470e8                hal_crypto_rng_get
 .text.hal_crypto_set_key
                0x00047190       0x60 C:/Users/Jonathan/Documents/GitHub/Decawave/DWM1001_DWM1001-DEV_MDEK1001_Sources_and_Docs_v9/sketches/anchor/dwm/examples/dwm-simple/../../lib/libdwm.a(hal.o)
                0x00047190                hal_crypto_set_key
 .text.hal_crypto_mac_get
                0x000471f0      0x128 C:/Users/Jonathan/Documents/GitHub/Decawave/DWM1001_DWM1001-DEV_MDEK1001_Sources_and_Docs_v9/sketches/anchor/dwm/examples/dwm-simple/../../lib/libdwm.a(hal.o)
                0x000471f0                hal_crypto_mac_get
 .text.hal_crypto_crypt
                0x00047318       0xc8 C:/Users/Jonathan/Documents/GitHub/Decawave/DWM1001_DWM1001-DEV_MDEK1001_Sources_and_Docs_v9/sketches/anchor/dwm/examples/dwm-simple/../../lib/libdwm.a(hal.o)
                0x00047318                hal_crypto_crypt
 .text._read    0x000473e0        0x8 C:/Users/Jonathan/Documents/GitHub/Decawave/DWM1001_DWM1001-DEV_MDEK1001_Sources_and_Docs_v9/sketches/anchor/dwm/examples/dwm-simple/../../lib/libdwm.a(hal.o)
                0x000473e0                _read
 .text._write   0x000473e8       0x2a C:/Users/Jonathan/Documents/GitHub/Decawave/DWM1001_DWM1001-DEV_MDEK1001_Sources_and_Docs_v9/sketches/anchor/dwm/examples/dwm-simple/../../lib/libdwm.a(hal.o)
                0x000473e8                _write
 *fill*         0x00047412        0x2 
 .text._sbrk    0x00047414       0x2c C:/Users/Jonathan/Documents/GitHub/Decawave/DWM1001_DWM1001-DEV_MDEK1001_Sources_and_Docs_v9/sketches/anchor/dwm/examples/dwm-simple/../../lib/libdwm.a(hal.o)
                0x00047414                _sbrk
 .text.rng_isr  0x00047440       0x14 C:/Users/Jonathan/Documents/GitHub/Decawave/DWM1001_DWM1001-DEV_MDEK1001_Sources_and_Docs_v9/sketches/anchor/dwm/examples/dwm-simple/../../lib/libdwm.a(nrf_drv_rng.o)
 .text.rng_start
                0x00047454       0x38 C:/Users/Jonathan/Documents/GitHub/Decawave/DWM1001_DWM1001-DEV_MDEK1001_Sources_and_Docs_v9/sketches/anchor/dwm/examples/dwm-simple/../../lib/libdwm.a(nrf_drv_rng.o)
 .text.nrf_drv_rng_init
                0x0004748c       0x98 C:/Users/Jonathan/Documents/GitHub/Decawave/DWM1001_DWM1001-DEV_MDEK1001_Sources_and_Docs_v9/sketches/anchor/dwm/examples/dwm-simple/../../lib/libdwm.a(nrf_drv_rng.o)
                0x0004748c                nrf_drv_rng_init
 .text.nrf_drv_rng_bytes_available
                0x00047524       0x14 C:/Users/Jonathan/Documents/GitHub/Decawave/DWM1001_DWM1001-DEV_MDEK1001_Sources_and_Docs_v9/sketches/anchor/dwm/examples/dwm-simple/../../lib/libdwm.a(nrf_drv_rng.o)
                0x00047524                nrf_drv_rng_bytes_available
 .text.nrf_drv_rng_rand
                0x00047538       0x3c C:/Users/Jonathan/Documents/GitHub/Decawave/DWM1001_DWM1001-DEV_MDEK1001_Sources_and_Docs_v9/sketches/anchor/dwm/examples/dwm-simple/../../lib/libdwm.a(nrf_drv_rng.o)
                0x00047538                nrf_drv_rng_rand
 .text.RNG_IRQHandler
                0x00047574       0x54 C:/Users/Jonathan/Documents/GitHub/Decawave/DWM1001_DWM1001-DEV_MDEK1001_Sources_and_Docs_v9/sketches/anchor/dwm/examples/dwm-simple/../../lib/libdwm.a(nrf_drv_rng.o)
                0x00047574                RNG_IRQHandler
 .text.rng_dsr  0x000475c8       0x10 C:/Users/Jonathan/Documents/GitHub/Decawave/DWM1001_DWM1001-DEV_MDEK1001_Sources_and_Docs_v9/sketches/anchor/dwm/examples/dwm-simple/../../lib/libdwm.a(nrf_drv_rng.o)
 .text.pm_can_sleep
                0x000475d8       0x44 C:/Users/Jonathan/Documents/GitHub/Decawave/DWM1001_DWM1001-DEV_MDEK1001_Sources_and_Docs_v9/sketches/anchor/dwm/examples/dwm-simple/../../lib/libdwm.a(pm.o)
                0x000475d8                pm_can_sleep
 .text.pm_task_get_next
                0x0004761c       0x54 C:/Users/Jonathan/Documents/GitHub/Decawave/DWM1001_DWM1001-DEV_MDEK1001_Sources_and_Docs_v9/sketches/anchor/dwm/examples/dwm-simple/../../lib/libdwm.a(pm.o)
                0x0004761c                pm_task_get_next
 .text.pm_sched_signal
                0x00047670        0xc C:/Users/Jonathan/Documents/GitHub/Decawave/DWM1001_DWM1001-DEV_MDEK1001_Sources_and_Docs_v9/sketches/anchor/dwm/examples/dwm-simple/../../lib/libdwm.a(pm.o)
                0x00047670                pm_sched_signal
 .text.pm_sched_wait
                0x0004767c        0xc C:/Users/Jonathan/Documents/GitHub/Decawave/DWM1001_DWM1001-DEV_MDEK1001_Sources_and_Docs_v9/sketches/anchor/dwm/examples/dwm-simple/../../lib/libdwm.a(pm.o)
                0x0004767c                pm_sched_wait
 .text.pm_task_lock
                0x00047688       0x26 C:/Users/Jonathan/Documents/GitHub/Decawave/DWM1001_DWM1001-DEV_MDEK1001_Sources_and_Docs_v9/sketches/anchor/dwm/examples/dwm-simple/../../lib/libdwm.a(pm.o)
                0x00047688                pm_task_lock
 .text.pm_task_unlock
                0x000476ae       0x2c C:/Users/Jonathan/Documents/GitHub/Decawave/DWM1001_DWM1001-DEV_MDEK1001_Sources_and_Docs_v9/sketches/anchor/dwm/examples/dwm-simple/../../lib/libdwm.a(pm.o)
                0x000476ae                pm_task_unlock
 *fill*         0x000476da        0x2 
 .text.pm_task_unlock_set_alarm
                0x000476dc       0x98 C:/Users/Jonathan/Documents/GitHub/Decawave/DWM1001_DWM1001-DEV_MDEK1001_Sources_and_Docs_v9/sketches/anchor/dwm/examples/dwm-simple/../../lib/libdwm.a(pm.o)
                0x000476dc                pm_task_unlock_set_alarm
 .text.pm_task_wakeup
                0x00047774        0x4 C:/Users/Jonathan/Documents/GitHub/Decawave/DWM1001_DWM1001-DEV_MDEK1001_Sources_and_Docs_v9/sketches/anchor/dwm/examples/dwm-simple/../../lib/libdwm.a(pm.o)
                0x00047774                pm_task_wakeup
 .text.pm_task_alloc
                0x00047778       0x64 C:/Users/Jonathan/Documents/GitHub/Decawave/DWM1001_DWM1001-DEV_MDEK1001_Sources_and_Docs_v9/sketches/anchor/dwm/examples/dwm-simple/../../lib/libdwm.a(pm.o)
                0x00047778                pm_task_alloc
 .text.pm_task_free
                0x000477dc       0x58 C:/Users/Jonathan/Documents/GitHub/Decawave/DWM1001_DWM1001-DEV_MDEK1001_Sources_and_Docs_v9/sketches/anchor/dwm/examples/dwm-simple/../../lib/libdwm.a(pm.o)
                0x000477dc                pm_task_free
 .text.pm_init  0x00047834       0x54 C:/Users/Jonathan/Documents/GitHub/Decawave/DWM1001_DWM1001-DEV_MDEK1001_Sources_and_Docs_v9/sketches/anchor/dwm/examples/dwm-simple/../../lib/libdwm.a(pm.o)
                0x00047834                pm_init
 .text.pm_dump  0x00047888       0x84 C:/Users/Jonathan/Documents/GitHub/Decawave/DWM1001_DWM1001-DEV_MDEK1001_Sources_and_Docs_v9/sketches/anchor/dwm/examples/dwm-simple/../../lib/libdwm.a(pm.o)
                0x00047888                pm_dump
 .text.api_thread_start
                0x0004790c       0x10 C:/Users/Jonathan/Documents/GitHub/Decawave/DWM1001_DWM1001-DEV_MDEK1001_Sources_and_Docs_v9/sketches/anchor/dwm/examples/dwm-simple/../../lib/libdwm.a(process-api.o)
                0x0004790c                api_thread_start
 .text.api_thread_init
                0x0004791c       0x3c C:/Users/Jonathan/Documents/GitHub/Decawave/DWM1001_DWM1001-DEV_MDEK1001_Sources_and_Docs_v9/sketches/anchor/dwm/examples/dwm-simple/../../lib/libdwm.a(process-api.o)
                0x0004791c                api_thread_init
 .text.ble_init_ready
                0x00047958        0xc C:/Users/Jonathan/Documents/GitHub/Decawave/DWM1001_DWM1001-DEV_MDEK1001_Sources_and_Docs_v9/sketches/anchor/dwm/examples/dwm-simple/../../lib/libdwm.a(process-ble.o)
                0x00047958                ble_init_ready
 .text.le_print_disable
                0x00047964       0x10 C:/Users/Jonathan/Documents/GitHub/Decawave/DWM1001_DWM1001-DEV_MDEK1001_Sources_and_Docs_v9/sketches/anchor/dwm/examples/dwm-simple/../../lib/libdwm.a(process-le.o)
 .text.nole_thread_entry
                0x00047974      0x2a8 C:/Users/Jonathan/Documents/GitHub/Decawave/DWM1001_DWM1001-DEV_MDEK1001_Sources_and_Docs_v9/sketches/anchor/dwm/examples/dwm-simple/../../lib/libdwm.a(process-le.o)
 *fill*         0x00047c1c        0x4 
 .text.le_thread_entry
                0x00047c20      0x48c C:/Users/Jonathan/Documents/GitHub/Decawave/DWM1001_DWM1001-DEV_MDEK1001_Sources_and_Docs_v9/sketches/anchor/dwm/examples/dwm-simple/../../lib/libdwm.a(process-le.o)
 .text.le_post_loc_data
                0x000480ac       0x60 C:/Users/Jonathan/Documents/GitHub/Decawave/DWM1001_DWM1001-DEV_MDEK1001_Sources_and_Docs_v9/sketches/anchor/dwm/examples/dwm-simple/../../lib/libdwm.a(process-le.o)
                0x000480ac                le_post_loc_data
 .text.le_init  0x0004810c       0x7c C:/Users/Jonathan/Documents/GitHub/Decawave/DWM1001_DWM1001-DEV_MDEK1001_Sources_and_Docs_v9/sketches/anchor/dwm/examples/dwm-simple/../../lib/libdwm.a(process-le.o)
                0x0004810c                le_init
 .text.le_start
                0x00048188       0x18 C:/Users/Jonathan/Documents/GitHub/Decawave/DWM1001_DWM1001-DEV_MDEK1001_Sources_and_Docs_v9/sketches/anchor/dwm/examples/dwm-simple/../../lib/libdwm.a(process-le.o)
                0x00048188                le_start
 .text.le_post_meas
                0x000481a0       0x78 C:/Users/Jonathan/Documents/GitHub/Decawave/DWM1001_DWM1001-DEV_MDEK1001_Sources_and_Docs_v9/sketches/anchor/dwm/examples/dwm-simple/../../lib/libdwm.a(process-le.o)
                0x000481a0                le_post_meas
 .text.le_pos_get
                0x00048218       0x64 C:/Users/Jonathan/Documents/GitHub/Decawave/DWM1001_DWM1001-DEV_MDEK1001_Sources_and_Docs_v9/sketches/anchor/dwm/examples/dwm-simple/../../lib/libdwm.a(process-le.o)
                0x00048218                le_pos_get
 .text.le_loc_get
                0x0004827c      0x104 C:/Users/Jonathan/Documents/GitHub/Decawave/DWM1001_DWM1001-DEV_MDEK1001_Sources_and_Docs_v9/sketches/anchor/dwm/examples/dwm-simple/../../lib/libdwm.a(process-le.o)
                0x0004827c                le_loc_get
 .text.le_loc_print_toggle
                0x00048380       0x28 C:/Users/Jonathan/Documents/GitHub/Decawave/DWM1001_DWM1001-DEV_MDEK1001_Sources_and_Docs_v9/sketches/anchor/dwm/examples/dwm-simple/../../lib/libdwm.a(process-le.o)
                0x00048380                le_loc_print_toggle
 .text.le_loc_ts_print_toggle
                0x000483a8       0x24 C:/Users/Jonathan/Documents/GitHub/Decawave/DWM1001_DWM1001-DEV_MDEK1001_Sources_and_Docs_v9/sketches/anchor/dwm/examples/dwm-simple/../../lib/libdwm.a(process-le.o)
                0x000483a8                le_loc_ts_print_toggle
 .text.le_loc_csv_print_toggle
                0x000483cc       0x28 C:/Users/Jonathan/Documents/GitHub/Decawave/DWM1001_DWM1001-DEV_MDEK1001_Sources_and_Docs_v9/sketches/anchor/dwm/examples/dwm-simple/../../lib/libdwm.a(process-le.o)
                0x000483cc                le_loc_csv_print_toggle
 .text.le_loc_csv_ts_print_toggle
                0x000483f4       0x28 C:/Users/Jonathan/Documents/GitHub/Decawave/DWM1001_DWM1001-DEV_MDEK1001_Sources_and_Docs_v9/sketches/anchor/dwm/examples/dwm-simple/../../lib/libdwm.a(process-le.o)
                0x000483f4                le_loc_csv_ts_print_toggle
 .text.le_pos_csv_print_toggle
                0x0004841c       0x24 C:/Users/Jonathan/Documents/GitHub/Decawave/DWM1001_DWM1001-DEV_MDEK1001_Sources_and_Docs_v9/sketches/anchor/dwm/examples/dwm-simple/../../lib/libdwm.a(process-le.o)
                0x0004841c                le_pos_csv_print_toggle
 .text.le_compile
                0x00048440       0x18 C:/Users/Jonathan/Documents/GitHub/Decawave/DWM1001_DWM1001-DEV_MDEK1001_Sources_and_Docs_v9/sketches/anchor/dwm/examples/dwm-simple/../../lib/libdwm.a(process-le.o)
                0x00048440                le_compile
 .text.pm_thread_entry
                0x00048458       0x98 C:/Users/Jonathan/Documents/GitHub/Decawave/DWM1001_DWM1001-DEV_MDEK1001_Sources_and_Docs_v9/sketches/anchor/dwm/examples/dwm-simple/../../lib/libdwm.a(process-pm.o)
 .text.hal_pm_init
                0x000484f0       0x70 C:/Users/Jonathan/Documents/GitHub/Decawave/DWM1001_DWM1001-DEV_MDEK1001_Sources_and_Docs_v9/sketches/anchor/dwm/examples/dwm-simple/../../lib/libdwm.a(process-pm.o)
                0x000484f0                hal_pm_init
 .text.hal_pm_start
                0x00048560        0xc C:/Users/Jonathan/Documents/GitHub/Decawave/DWM1001_DWM1001-DEV_MDEK1001_Sources_and_Docs_v9/sketches/anchor/dwm/examples/dwm-simple/../../lib/libdwm.a(process-pm.o)
                0x00048560                hal_pm_start
 .text.uwb0_recover.part.0
                0x0004856c       0x1c C:/Users/Jonathan/Documents/GitHub/Decawave/DWM1001_DWM1001-DEV_MDEK1001_Sources_and_Docs_v9/sketches/anchor/dwm/examples/dwm-simple/../../lib/libdwm.a(process-svc.o)
 .text.svc_thread_entry
                0x00048588      0x2b0 C:/Users/Jonathan/Documents/GitHub/Decawave/DWM1001_DWM1001-DEV_MDEK1001_Sources_and_Docs_v9/sketches/anchor/dwm/examples/dwm-simple/../../lib/libdwm.a(process-svc.o)
 .text.svc_init
                0x00048838       0x3c C:/Users/Jonathan/Documents/GitHub/Decawave/DWM1001_DWM1001-DEV_MDEK1001_Sources_and_Docs_v9/sketches/anchor/dwm/examples/dwm-simple/../../lib/libdwm.a(process-svc.o)
                0x00048838                svc_init
 .text.svc_start
                0x00048874        0xc C:/Users/Jonathan/Documents/GitHub/Decawave/DWM1001_DWM1001-DEV_MDEK1001_Sources_and_Docs_v9/sketches/anchor/dwm/examples/dwm-simple/../../lib/libdwm.a(process-svc.o)
                0x00048874                svc_start
 .text.svc_post_event
                0x00048880       0x64 C:/Users/Jonathan/Documents/GitHub/Decawave/DWM1001_DWM1001-DEV_MDEK1001_Sources_and_Docs_v9/sketches/anchor/dwm/examples/dwm-simple/../../lib/libdwm.a(process-svc.o)
                0x00048880                svc_post_event
 .text.svc_suspend
                0x000488e4       0x30 C:/Users/Jonathan/Documents/GitHub/Decawave/DWM1001_DWM1001-DEV_MDEK1001_Sources_and_Docs_v9/sketches/anchor/dwm/examples/dwm-simple/../../lib/libdwm.a(process-svc.o)
                0x000488e4                svc_suspend
 .text.svc_resume
                0x00048914       0x28 C:/Users/Jonathan/Documents/GitHub/Decawave/DWM1001_DWM1001-DEV_MDEK1001_Sources_and_Docs_v9/sketches/anchor/dwm/examples/dwm-simple/../../lib/libdwm.a(process-svc.o)
                0x00048914                svc_resume
 .text.uwbmac_wkr_thread_entry
                0x0004893c       0x1c C:/Users/Jonathan/Documents/GitHub/Decawave/DWM1001_DWM1001-DEV_MDEK1001_Sources_and_Docs_v9/sketches/anchor/dwm/examples/dwm-simple/../../lib/libdwm.a(process-uwbmac.o)
 .text.uwbmac_thread_entry
                0x00048958      0x12c C:/Users/Jonathan/Documents/GitHub/Decawave/DWM1001_DWM1001-DEV_MDEK1001_Sources_and_Docs_v9/sketches/anchor/dwm/examples/dwm-simple/../../lib/libdwm.a(process-uwbmac.o)
 .text.uwbmac_init
                0x00048a84       0x6c C:/Users/Jonathan/Documents/GitHub/Decawave/DWM1001_DWM1001-DEV_MDEK1001_Sources_and_Docs_v9/sketches/anchor/dwm/examples/dwm-simple/../../lib/libdwm.a(process-uwbmac.o)
                0x00048a84                uwbmac_init
 .text.uwbmac_start
                0x00048af0       0x18 C:/Users/Jonathan/Documents/GitHub/Decawave/DWM1001_DWM1001-DEV_MDEK1001_Sources_and_Docs_v9/sketches/anchor/dwm/examples/dwm-simple/../../lib/libdwm.a(process-uwbmac.o)
                0x00048af0                uwbmac_start
 .text.dw_intr  0x00048b08        0xc C:/Users/Jonathan/Documents/GitHub/Decawave/DWM1001_DWM1001-DEV_MDEK1001_Sources_and_Docs_v9/sketches/anchor/dwm/examples/dwm-simple/../../lib/libdwm.a(process-uwb.o)
                0x00048b08                dw_intr
 .text.uwb_init_uwb0
                0x00048b14      0x42c C:/Users/Jonathan/Documents/GitHub/Decawave/DWM1001_DWM1001-DEV_MDEK1001_Sources_and_Docs_v9/sketches/anchor/dwm/examples/dwm-simple/../../lib/libdwm.a(process-uwb.o)
                0x00048b14                uwb_init_uwb0
 .text.uwb_thread_entry
                0x00048f40       0xac C:/Users/Jonathan/Documents/GitHub/Decawave/DWM1001_DWM1001-DEV_MDEK1001_Sources_and_Docs_v9/sketches/anchor/dwm/examples/dwm-simple/../../lib/libdwm.a(process-uwb.o)
 .text.uwb_init
                0x00048fec       0x3c C:/Users/Jonathan/Documents/GitHub/Decawave/DWM1001_DWM1001-DEV_MDEK1001_Sources_and_Docs_v9/sketches/anchor/dwm/examples/dwm-simple/../../lib/libdwm.a(process-uwb.o)
                0x00048fec                uwb_init
 .text.uwb_start
                0x00049028        0xc C:/Users/Jonathan/Documents/GitHub/Decawave/DWM1001_DWM1001-DEV_MDEK1001_Sources_and_Docs_v9/sketches/anchor/dwm/examples/dwm-simple/../../lib/libdwm.a(process-uwb.o)
                0x00049028                uwb_start
 .text.uwb_init_ready_await
                0x00049034       0x18 C:/Users/Jonathan/Documents/GitHub/Decawave/DWM1001_DWM1001-DEV_MDEK1001_Sources_and_Docs_v9/sketches/anchor/dwm/examples/dwm-simple/../../lib/libdwm.a(process-uwb.o)
                0x00049034                uwb_init_ready_await
 .text.uart_timeout_handler
                0x0004904c       0x10 C:/Users/Jonathan/Documents/GitHub/Decawave/DWM1001_DWM1001-DEV_MDEK1001_Sources_and_Docs_v9/sketches/anchor/dwm/examples/dwm-simple/../../lib/libdwm.a(serial.o)
 .text.uart_init
                0x0004905c       0x10 C:/Users/Jonathan/Documents/GitHub/Decawave/DWM1001_DWM1001-DEV_MDEK1001_Sources_and_Docs_v9/sketches/anchor/dwm/examples/dwm-simple/../../lib/libdwm.a(serial.o)
 .text.spis_gpio_set
                0x0004906c       0x20 C:/Users/Jonathan/Documents/GitHub/Decawave/DWM1001_DWM1001-DEV_MDEK1001_Sources_and_Docs_v9/sketches/anchor/dwm/examples/dwm-simple/../../lib/libdwm.a(serial.o)
 .text.spis_init
                0x0004908c       0x10 C:/Users/Jonathan/Documents/GitHub/Decawave/DWM1001_DWM1001-DEV_MDEK1001_Sources_and_Docs_v9/sketches/anchor/dwm/examples/dwm-simple/../../lib/libdwm.a(serial.o)
 .text.pm_serial_suspend
                0x0004909c       0x58 C:/Users/Jonathan/Documents/GitHub/Decawave/DWM1001_DWM1001-DEV_MDEK1001_Sources_and_Docs_v9/sketches/anchor/dwm/examples/dwm-simple/../../lib/libdwm.a(serial.o)
 .text.gpio_wakeup_intr
                0x000490f4        0xc C:/Users/Jonathan/Documents/GitHub/Decawave/DWM1001_DWM1001-DEV_MDEK1001_Sources_and_Docs_v9/sketches/anchor/dwm/examples/dwm-simple/../../lib/libdwm.a(serial.o)
 .text._serial_status_change_ntfy
                0x00049100       0x3c C:/Users/Jonathan/Documents/GitHub/Decawave/DWM1001_DWM1001-DEV_MDEK1001_Sources_and_Docs_v9/sketches/anchor/dwm/examples/dwm-simple/../../lib/libdwm.a(serial.o)
 .text._serial_start
                0x0004913c       0x1c C:/Users/Jonathan/Documents/GitHub/Decawave/DWM1001_DWM1001-DEV_MDEK1001_Sources_and_Docs_v9/sketches/anchor/dwm/examples/dwm-simple/../../lib/libdwm.a(serial.o)
 .text._on_spis_evt
                0x00049158       0x78 C:/Users/Jonathan/Documents/GitHub/Decawave/DWM1001_DWM1001-DEV_MDEK1001_Sources_and_Docs_v9/sketches/anchor/dwm/examples/dwm-simple/../../lib/libdwm.a(serial.o)
 .text.spis_api_cb
                0x000491d0       0x60 C:/Users/Jonathan/Documents/GitHub/Decawave/DWM1001_DWM1001-DEV_MDEK1001_Sources_and_Docs_v9/sketches/anchor/dwm/examples/dwm-simple/../../lib/libdwm.a(serial.o)
 .text._spis_init
                0x00049230       0x2c C:/Users/Jonathan/Documents/GitHub/Decawave/DWM1001_DWM1001-DEV_MDEK1001_Sources_and_Docs_v9/sketches/anchor/dwm/examples/dwm-simple/../../lib/libdwm.a(serial.o)
 .text._serial_sleep
                0x0004925c       0x1c C:/Users/Jonathan/Documents/GitHub/Decawave/DWM1001_DWM1001-DEV_MDEK1001_Sources_and_Docs_v9/sketches/anchor/dwm/examples/dwm-simple/../../lib/libdwm.a(serial.o)
 .text.spis_event_handler
                0x00049278      0x1d0 C:/Users/Jonathan/Documents/GitHub/Decawave/DWM1001_DWM1001-DEV_MDEK1001_Sources_and_Docs_v9/sketches/anchor/dwm/examples/dwm-simple/../../lib/libdwm.a(serial.o)
 .text.serial_sleep
                0x00049448       0x10 C:/Users/Jonathan/Documents/GitHub/Decawave/DWM1001_DWM1001-DEV_MDEK1001_Sources_and_Docs_v9/sketches/anchor/dwm/examples/dwm-simple/../../lib/libdwm.a(serial.o)
                0x00049448                serial_sleep
 .text.serial_uart_reinit
                0x00049458       0x10 C:/Users/Jonathan/Documents/GitHub/Decawave/DWM1001_DWM1001-DEV_MDEK1001_Sources_and_Docs_v9/sketches/anchor/dwm/examples/dwm-simple/../../lib/libdwm.a(serial.o)
                0x00049458                serial_uart_reinit
 .text.serial_status_change_ntfy
                0x00049468       0x10 C:/Users/Jonathan/Documents/GitHub/Decawave/DWM1001_DWM1001-DEV_MDEK1001_Sources_and_Docs_v9/sketches/anchor/dwm/examples/dwm-simple/../../lib/libdwm.a(serial.o)
                0x00049468                serial_status_change_ntfy
 .text.serial_thread_entry
                0x00049478      0x168 C:/Users/Jonathan/Documents/GitHub/Decawave/DWM1001_DWM1001-DEV_MDEK1001_Sources_and_Docs_v9/sketches/anchor/dwm/examples/dwm-simple/../../lib/libdwm.a(serial.o)
                0x00049478                serial_thread_entry
 .text.serial_start
                0x000495e0       0x10 C:/Users/Jonathan/Documents/GitHub/Decawave/DWM1001_DWM1001-DEV_MDEK1001_Sources_and_Docs_v9/sketches/anchor/dwm/examples/dwm-simple/../../lib/libdwm.a(serial.o)
                0x000495e0                serial_start
 .text.serial_compile_spi
                0x000495f0       0x58 C:/Users/Jonathan/Documents/GitHub/Decawave/DWM1001_DWM1001-DEV_MDEK1001_Sources_and_Docs_v9/sketches/anchor/dwm/examples/dwm-simple/../../lib/libdwm.a(serial.o)
                0x000495f0                serial_compile_spi
 .text.serial_is_uart_compiled
                0x00049648        0xc C:/Users/Jonathan/Documents/GitHub/Decawave/DWM1001_DWM1001-DEV_MDEK1001_Sources_and_Docs_v9/sketches/anchor/dwm/examples/dwm-simple/../../lib/libdwm.a(serial.o)
                0x00049648                serial_is_uart_compiled
 .text.serial_is_compiled
                0x00049654        0xc C:/Users/Jonathan/Documents/GitHub/Decawave/DWM1001_DWM1001-DEV_MDEK1001_Sources_and_Docs_v9/sketches/anchor/dwm/examples/dwm-simple/../../lib/libdwm.a(serial.o)
                0x00049654                serial_is_compiled
 .text.cmd_enc_key_clear
                0x00049660       0x34 C:/Users/Jonathan/Documents/GitHub/Decawave/DWM1001_DWM1001-DEV_MDEK1001_Sources_and_Docs_v9/sketches/anchor/dwm/examples/dwm-simple/../../lib/libdwm.a(shell-api.o)
                0x00049660                cmd_enc_key_clear
 .text.cmd_nvm_usr_data_clear
                0x00049694       0x38 C:/Users/Jonathan/Documents/GitHub/Decawave/DWM1001_DWM1001-DEV_MDEK1001_Sources_and_Docs_v9/sketches/anchor/dwm/examples/dwm-simple/../../lib/libdwm.a(shell-api.o)
 .text.cmd_nvm_usr_data_set
                0x000496cc       0xb8 C:/Users/Jonathan/Documents/GitHub/Decawave/DWM1001_DWM1001-DEV_MDEK1001_Sources_and_Docs_v9/sketches/anchor/dwm/examples/dwm-simple/../../lib/libdwm.a(shell-api.o)
 .text.cmd_tlv  0x00049784       0xb0 C:/Users/Jonathan/Documents/GitHub/Decawave/DWM1001_DWM1001-DEV_MDEK1001_Sources_and_Docs_v9/sketches/anchor/dwm/examples/dwm-simple/../../lib/libdwm.a(shell-api.o)
 .text.api_cb   0x00049834       0x44 C:/Users/Jonathan/Documents/GitHub/Decawave/DWM1001_DWM1001-DEV_MDEK1001_Sources_and_Docs_v9/sketches/anchor/dwm/examples/dwm-simple/../../lib/libdwm.a(shell-api.o)
 .text.cmd_enc_key_set
                0x00049878       0x94 C:/Users/Jonathan/Documents/GitHub/Decawave/DWM1001_DWM1001-DEV_MDEK1001_Sources_and_Docs_v9/sketches/anchor/dwm/examples/dwm-simple/../../lib/libdwm.a(shell-api.o)
                0x00049878                cmd_enc_key_set
 .text.cmd_nvm_usr_data_get
                0x0004990c       0x64 C:/Users/Jonathan/Documents/GitHub/Decawave/DWM1001_DWM1001-DEV_MDEK1001_Sources_and_Docs_v9/sketches/anchor/dwm/examples/dwm-simple/../../lib/libdwm.a(shell-api.o)
 .text.cmd_cfg_tn_set
                0x00049970      0x120 C:/Users/Jonathan/Documents/GitHub/Decawave/DWM1001_DWM1001-DEV_MDEK1001_Sources_and_Docs_v9/sketches/anchor/dwm/examples/dwm-simple/../../lib/libdwm.a(shell-api.o)
 .text.cmd_cfg_an_set
                0x00049a90       0xf4 C:/Users/Jonathan/Documents/GitHub/Decawave/DWM1001_DWM1001-DEV_MDEK1001_Sources_and_Docs_v9/sketches/anchor/dwm/examples/dwm-simple/../../lib/libdwm.a(shell-api.o)
 .text.cmd_pos_set
                0x00049b84       0x88 C:/Users/Jonathan/Documents/GitHub/Decawave/DWM1001_DWM1001-DEV_MDEK1001_Sources_and_Docs_v9/sketches/anchor/dwm/examples/dwm-simple/../../lib/libdwm.a(shell-api.o)
 .text.cmd_pos_get
                0x00049c0c       0x48 C:/Users/Jonathan/Documents/GitHub/Decawave/DWM1001_DWM1001-DEV_MDEK1001_Sources_and_Docs_v9/sketches/anchor/dwm/examples/dwm-simple/../../lib/libdwm.a(shell-api.o)
 .text.cmd_ur_get
                0x00049c54       0x4c C:/Users/Jonathan/Documents/GitHub/Decawave/DWM1001_DWM1001-DEV_MDEK1001_Sources_and_Docs_v9/sketches/anchor/dwm/examples/dwm-simple/../../lib/libdwm.a(shell-api.o)
 .text.cmd_ur_set
                0x00049ca0       0x7c C:/Users/Jonathan/Documents/GitHub/Decawave/DWM1001_DWM1001-DEV_MDEK1001_Sources_and_Docs_v9/sketches/anchor/dwm/examples/dwm-simple/../../lib/libdwm.a(shell-api.o)
 .text.cmd_le_show_loc
                0x00049d1c       0x2c C:/Users/Jonathan/Documents/GitHub/Decawave/DWM1001_DWM1001-DEV_MDEK1001_Sources_and_Docs_v9/sketches/anchor/dwm/examples/dwm-simple/../../lib/libdwm.a(shell-le.o)
                0x00049d1c                cmd_le_show_loc
 .text.cmd_le_show_loc_csv
                0x00049d48       0x2c C:/Users/Jonathan/Documents/GitHub/Decawave/DWM1001_DWM1001-DEV_MDEK1001_Sources_and_Docs_v9/sketches/anchor/dwm/examples/dwm-simple/../../lib/libdwm.a(shell-le.o)
                0x00049d48                cmd_le_show_loc_csv
 .text.cmd_le_show_pos_csv
                0x00049d74        0x4 C:/Users/Jonathan/Documents/GitHub/Decawave/DWM1001_DWM1001-DEV_MDEK1001_Sources_and_Docs_v9/sketches/anchor/dwm/examples/dwm-simple/../../lib/libdwm.a(shell-le.o)
                0x00049d74                cmd_le_show_pos_csv
 .text._shell_stop
                0x00049d78        0xc C:/Users/Jonathan/Documents/GitHub/Decawave/DWM1001_DWM1001-DEV_MDEK1001_Sources_and_Docs_v9/sketches/anchor/dwm/examples/dwm-simple/../../lib/libdwm.a(shell.o)
 .text._shell_add_cmds
                0x00049d84       0x24 C:/Users/Jonathan/Documents/GitHub/Decawave/DWM1001_DWM1001-DEV_MDEK1001_Sources_and_Docs_v9/sketches/anchor/dwm/examples/dwm-simple/../../lib/libdwm.a(shell.o)
 .text._get_argc
                0x00049da8       0x1c C:/Users/Jonathan/Documents/GitHub/Decawave/DWM1001_DWM1001-DEV_MDEK1001_Sources_and_Docs_v9/sketches/anchor/dwm/examples/dwm-simple/../../lib/libdwm.a(shell.o)
 .text._shell_get_arg
                0x00049dc4       0x14 C:/Users/Jonathan/Documents/GitHub/Decawave/DWM1001_DWM1001-DEV_MDEK1001_Sources_and_Docs_v9/sketches/anchor/dwm/examples/dwm-simple/../../lib/libdwm.a(shell.o)
 .text._shell_set_init_print
                0x00049dd8        0xc C:/Users/Jonathan/Documents/GitHub/Decawave/DWM1001_DWM1001-DEV_MDEK1001_Sources_and_Docs_v9/sketches/anchor/dwm/examples/dwm-simple/../../lib/libdwm.a(shell.o)
 .text._shell_show_hidden
                0x00049de4        0xc C:/Users/Jonathan/Documents/GitHub/Decawave/DWM1001_DWM1001-DEV_MDEK1001_Sources_and_Docs_v9/sketches/anchor/dwm/examples/dwm-simple/../../lib/libdwm.a(shell.o)
 .text._shell_init_ready_await
                0x00049df0       0x18 C:/Users/Jonathan/Documents/GitHub/Decawave/DWM1001_DWM1001-DEV_MDEK1001_Sources_and_Docs_v9/sketches/anchor/dwm/examples/dwm-simple/../../lib/libdwm.a(shell.o)
 .text.shell_init_print_fnc
                0x00049e08        0xc C:/Users/Jonathan/Documents/GitHub/Decawave/DWM1001_DWM1001-DEV_MDEK1001_Sources_and_Docs_v9/sketches/anchor/dwm/examples/dwm-simple/../../lib/libdwm.a(shell.o)
 .text._shell_print_hex
                0x00049e14       0x48 C:/Users/Jonathan/Documents/GitHub/Decawave/DWM1001_DWM1001-DEV_MDEK1001_Sources_and_Docs_v9/sketches/anchor/dwm/examples/dwm-simple/../../lib/libdwm.a(shell.o)
 .text._shell_get_arg_int
                0x00049e5c       0x4c C:/Users/Jonathan/Documents/GitHub/Decawave/DWM1001_DWM1001-DEV_MDEK1001_Sources_and_Docs_v9/sketches/anchor/dwm/examples/dwm-simple/../../lib/libdwm.a(shell.o)
 .text._shell_start
                0x00049ea8        0x4 C:/Users/Jonathan/Documents/GitHub/Decawave/DWM1001_DWM1001-DEV_MDEK1001_Sources_and_Docs_v9/sketches/anchor/dwm/examples/dwm-simple/../../lib/libdwm.a(shell.o)
 .text._shell_uninit
                0x00049eac       0x3c C:/Users/Jonathan/Documents/GitHub/Decawave/DWM1001_DWM1001-DEV_MDEK1001_Sources_and_Docs_v9/sketches/anchor/dwm/examples/dwm-simple/../../lib/libdwm.a(shell.o)
 .text._shell_init
                0x00049ee8       0x44 C:/Users/Jonathan/Documents/GitHub/Decawave/DWM1001_DWM1001-DEV_MDEK1001_Sources_and_Docs_v9/sketches/anchor/dwm/examples/dwm-simple/../../lib/libdwm.a(shell.o)
 .text.shell_fsm_entry
                0x00049f2c      0x29c C:/Users/Jonathan/Documents/GitHub/Decawave/DWM1001_DWM1001-DEV_MDEK1001_Sources_and_Docs_v9/sketches/anchor/dwm/examples/dwm-simple/../../lib/libdwm.a(shell.o)
 .text.shell_thread_entry
                0x0004a1c8       0x88 C:/Users/Jonathan/Documents/GitHub/Decawave/DWM1001_DWM1001-DEV_MDEK1001_Sources_and_Docs_v9/sketches/anchor/dwm/examples/dwm-simple/../../lib/libdwm.a(shell.o)
                0x0004a1c8                shell_thread_entry
 .text.dwm_shell_init
                0x0004a250       0x10 C:/Users/Jonathan/Documents/GitHub/Decawave/DWM1001_DWM1001-DEV_MDEK1001_Sources_and_Docs_v9/sketches/anchor/dwm/examples/dwm-simple/../../lib/libdwm.a(shell.o)
                0x0004a250                dwm_shell_init
 .text.shell_init
                0x0004a260       0x10 C:/Users/Jonathan/Documents/GitHub/Decawave/DWM1001_DWM1001-DEV_MDEK1001_Sources_and_Docs_v9/sketches/anchor/dwm/examples/dwm-simple/../../lib/libdwm.a(shell.o)
                0x0004a260                shell_init
 .text.shell_uninit
                0x0004a270       0x10 C:/Users/Jonathan/Documents/GitHub/Decawave/DWM1001_DWM1001-DEV_MDEK1001_Sources_and_Docs_v9/sketches/anchor/dwm/examples/dwm-simple/../../lib/libdwm.a(shell.o)
                0x0004a270                shell_uninit
 .text._shell_delete_if_unused
                0x0004a280       0x2c C:/Users/Jonathan/Documents/GitHub/Decawave/DWM1001_DWM1001-DEV_MDEK1001_Sources_and_Docs_v9/sketches/anchor/dwm/examples/dwm-simple/../../lib/libdwm.a(shell.o)
 .text.shell_start
                0x0004a2ac       0x10 C:/Users/Jonathan/Documents/GitHub/Decawave/DWM1001_DWM1001-DEV_MDEK1001_Sources_and_Docs_v9/sketches/anchor/dwm/examples/dwm-simple/../../lib/libdwm.a(shell.o)
                0x0004a2ac                shell_start
 .text.shell_stop
                0x0004a2bc       0x10 C:/Users/Jonathan/Documents/GitHub/Decawave/DWM1001_DWM1001-DEV_MDEK1001_Sources_and_Docs_v9/sketches/anchor/dwm/examples/dwm-simple/../../lib/libdwm.a(shell.o)
                0x0004a2bc                shell_stop
 .text.shell_quit
                0x0004a2cc       0x14 C:/Users/Jonathan/Documents/GitHub/Decawave/DWM1001_DWM1001-DEV_MDEK1001_Sources_and_Docs_v9/sketches/anchor/dwm/examples/dwm-simple/../../lib/libdwm.a(shell.o)
 .text.shell_delete_if_unused
                0x0004a2e0       0x10 C:/Users/Jonathan/Documents/GitHub/Decawave/DWM1001_DWM1001-DEV_MDEK1001_Sources_and_Docs_v9/sketches/anchor/dwm/examples/dwm-simple/../../lib/libdwm.a(shell.o)
                0x0004a2e0                shell_delete_if_unused
 .text.shell_add_cmds
                0x0004a2f0       0x10 C:/Users/Jonathan/Documents/GitHub/Decawave/DWM1001_DWM1001-DEV_MDEK1001_Sources_and_Docs_v9/sketches/anchor/dwm/examples/dwm-simple/../../lib/libdwm.a(shell.o)
                0x0004a2f0                shell_add_cmds
 .text.get_argc
                0x0004a300       0x10 C:/Users/Jonathan/Documents/GitHub/Decawave/DWM1001_DWM1001-DEV_MDEK1001_Sources_and_Docs_v9/sketches/anchor/dwm/examples/dwm-simple/../../lib/libdwm.a(shell.o)
                0x0004a300                get_argc
 .text.shell_get_arg
                0x0004a310       0x10 C:/Users/Jonathan/Documents/GitHub/Decawave/DWM1001_DWM1001-DEV_MDEK1001_Sources_and_Docs_v9/sketches/anchor/dwm/examples/dwm-simple/../../lib/libdwm.a(shell.o)
                0x0004a310                shell_get_arg
 .text._get_argv
                0x0004a320        0x4 C:/Users/Jonathan/Documents/GitHub/Decawave/DWM1001_DWM1001-DEV_MDEK1001_Sources_and_Docs_v9/sketches/anchor/dwm/examples/dwm-simple/../../lib/libdwm.a(shell.o)
 .text.shell_get_arg_int
                0x0004a324       0x10 C:/Users/Jonathan/Documents/GitHub/Decawave/DWM1001_DWM1001-DEV_MDEK1001_Sources_and_Docs_v9/sketches/anchor/dwm/examples/dwm-simple/../../lib/libdwm.a(shell.o)
                0x0004a324                shell_get_arg_int
 .text.shell_set_init_print
                0x0004a334       0x10 C:/Users/Jonathan/Documents/GitHub/Decawave/DWM1001_DWM1001-DEV_MDEK1001_Sources_and_Docs_v9/sketches/anchor/dwm/examples/dwm-simple/../../lib/libdwm.a(shell.o)
                0x0004a334                shell_set_init_print
 .text._dwm_shell_init
                0x0004a344       0x70 C:/Users/Jonathan/Documents/GitHub/Decawave/DWM1001_DWM1001-DEV_MDEK1001_Sources_and_Docs_v9/sketches/anchor/dwm/examples/dwm-simple/../../lib/libdwm.a(shell.o)
                0x0004a344                _dwm_shell_init
 .text.shell_show_hidden
                0x0004a3b4       0x10 C:/Users/Jonathan/Documents/GitHub/Decawave/DWM1001_DWM1001-DEV_MDEK1001_Sources_and_Docs_v9/sketches/anchor/dwm/examples/dwm-simple/../../lib/libdwm.a(shell.o)
                0x0004a3b4                shell_show_hidden
 .text.shell_help
                0x0004a3c4       0xa8 C:/Users/Jonathan/Documents/GitHub/Decawave/DWM1001_DWM1001-DEV_MDEK1001_Sources_and_Docs_v9/sketches/anchor/dwm/examples/dwm-simple/../../lib/libdwm.a(shell.o)
 .text.shell_show_hidden_enabled
                0x0004a46c       0x14 C:/Users/Jonathan/Documents/GitHub/Decawave/DWM1001_DWM1001-DEV_MDEK1001_Sources_and_Docs_v9/sketches/anchor/dwm/examples/dwm-simple/../../lib/libdwm.a(shell.o)
                0x0004a46c                shell_show_hidden_enabled
 .text.shell_is_compiled
                0x0004a480        0xc C:/Users/Jonathan/Documents/GitHub/Decawave/DWM1001_DWM1001-DEV_MDEK1001_Sources_and_Docs_v9/sketches/anchor/dwm/examples/dwm-simple/../../lib/libdwm.a(shell.o)
                0x0004a480                shell_is_compiled
 .text.shell_compile
                0x0004a48c       0xe0 C:/Users/Jonathan/Documents/GitHub/Decawave/DWM1001_DWM1001-DEV_MDEK1001_Sources_and_Docs_v9/sketches/anchor/dwm/examples/dwm-simple/../../lib/libdwm.a(shell.o)
                0x0004a48c                shell_compile
 .text.cmd_twi  0x0004a56c       0xc4 C:/Users/Jonathan/Documents/GitHub/Decawave/DWM1001_DWM1001-DEV_MDEK1001_Sources_and_Docs_v9/sketches/anchor/dwm/examples/dwm-simple/../../lib/libdwm.a(shell-sens.o)
                0x0004a56c                cmd_twi
 .text.cmd_stnry_cfg_get
                0x0004a630       0x2c C:/Users/Jonathan/Documents/GitHub/Decawave/DWM1001_DWM1001-DEV_MDEK1001_Sources_and_Docs_v9/sketches/anchor/dwm/examples/dwm-simple/../../lib/libdwm.a(shell-sens.o)
                0x0004a630                cmd_stnry_cfg_get
 .text.cmd_acc_xyz
                0x0004a65c       0x48 C:/Users/Jonathan/Documents/GitHub/Decawave/DWM1001_DWM1001-DEV_MDEK1001_Sources_and_Docs_v9/sketches/anchor/dwm/examples/dwm-simple/../../lib/libdwm.a(shell-sens.o)
 .text.cmd_acc_id
                0x0004a6a4       0x24 C:/Users/Jonathan/Documents/GitHub/Decawave/DWM1001_DWM1001-DEV_MDEK1001_Sources_and_Docs_v9/sketches/anchor/dwm/examples/dwm-simple/../../lib/libdwm.a(shell-sens.o)
 .text.cmd_stnry_cfg_set
                0x0004a6c8       0x60 C:/Users/Jonathan/Documents/GitHub/Decawave/DWM1001_DWM1001-DEV_MDEK1001_Sources_and_Docs_v9/sketches/anchor/dwm/examples/dwm-simple/../../lib/libdwm.a(shell-sens.o)
                0x0004a6c8                cmd_stnry_cfg_set
 .text.NVIC_SystemReset
                0x0004a728       0x24 C:/Users/Jonathan/Documents/GitHub/Decawave/DWM1001_DWM1001-DEV_MDEK1001_Sources_and_Docs_v9/sketches/anchor/dwm/examples/dwm-simple/../../lib/libdwm.a(shell-sys.o)
 .text.cmd_reset
                0x0004a74c        0x6 C:/Users/Jonathan/Documents/GitHub/Decawave/DWM1001_DWM1001-DEV_MDEK1001_Sources_and_Docs_v9/sketches/anchor/dwm/examples/dwm-simple/../../lib/libdwm.a(shell-sys.o)
                0x0004a74c                cmd_reset
 .text.cmd_free
                0x0004a752        0x4 C:/Users/Jonathan/Documents/GitHub/Decawave/DWM1001_DWM1001-DEV_MDEK1001_Sources_and_Docs_v9/sketches/anchor/dwm/examples/dwm-simple/../../lib/libdwm.a(shell-sys.o)
                0x0004a752                cmd_free
 .text.cmd_ps   0x0004a756        0x4 C:/Users/Jonathan/Documents/GitHub/Decawave/DWM1001_DWM1001-DEV_MDEK1001_Sources_and_Docs_v9/sketches/anchor/dwm/examples/dwm-simple/../../lib/libdwm.a(shell-sys.o)
                0x0004a756                cmd_ps
 .text.cmd_pm_show